******************************************************************************
                  TI ARM Linker PC v5.2.4                      
******************************************************************************
>> Linked Tue Aug 11 14:54:42 2015

OUTPUT FILE NAME:   <SensorTag.out>
ENTRY POINT SYMBOL: "ResetISR"  address: 00007f05


MEMORY CONFIGURATION

         name            origin    length      used     unused   attr    fill
----------------------  --------  ---------  --------  --------  ----  --------
  FLASH                 00000000   0000dfff  0000bdd0  0000222f  R  X
  SRAM                  20000000   0000445f  00003c47  00000818  RW X


SEGMENT ALLOCATION MAP

run origin  load origin   length   init length attrs members
----------  ----------- ---------- ----------- ----- -------
00000000    00000000    00000094   00000094    r--
  00000000    00000000    0000003c   0000003c    r-- .resetVecs
  0000003c    0000003c    00000058   00000058    r-- .ccfg
00000100    00000100    0000bd48   0000bd48    r-x
  00000100    00000100    0000003c   0000003c    r-- .const:ti_sysbios_knl_Task_Object__PARAMS__C
  0000013c    0000013c    00000034   00000034    r-- .const:ti_sysbios_knl_Mailbox_Object__PARAMS__C
  00000170    00000170    00000030   00000030    r-- .const:ti_sysbios_family_arm_m3_Hwi_Object__PARAMS__C
  000001a0    000001a0    0000002c   0000002c    r-- .const:ti_sysbios_hal_Hwi_Object__PARAMS__C
  000001cc    000001cc    00000028   00000028    r-- .const:ti_sysbios_heaps_HeapMem_Module__FXNS__C
  000001f4    000001f4    00000028   00000028    r-- .const:ti_sysbios_knl_Swi_Object__PARAMS__C
  0000021c    0000021c    00000024   00000024    r-- .const:ti_sysbios_gates_GateHwi_Module__FXNS__C
  00000240    00000240    00000024   00000024    r-- .const:ti_sysbios_gates_GateMutex_Module__FXNS__C
  00000264    00000264    00000024   00000024    r-- .const:ti_sysbios_heaps_HeapMem_Object__PARAMS__C
  00000288    00000288    00000024   00000024    r-- .const:ti_sysbios_knl_Clock_Object__PARAMS__C
  000002ac    000002ac    00000024   00000024    r-- .const:ti_sysbios_knl_Semaphore_Object__PARAMS__C
  000002d0    000002d0    00000020   00000020    r-- .const:ti_sysbios_family_arm_m3_Hwi_Object__DESC__C
  000002f0    000002f0    00000020   00000020    r-- .const:ti_sysbios_gates_GateHwi_Object__DESC__C
  00000310    00000310    00000020   00000020    r-- .const:ti_sysbios_gates_GateMutex_Object__DESC__C
  00000330    00000330    00000020   00000020    r-- .const:ti_sysbios_hal_Hwi_Object__DESC__C
  00000350    00000350    00000020   00000020    r-- .const:ti_sysbios_heaps_HeapMem_Object__DESC__C
  00000370    00000370    00000020   00000020    r-- .const:ti_sysbios_knl_Clock_Object__DESC__C
  00000390    00000390    00000020   00000020    r-- .const:ti_sysbios_knl_Mailbox_Object__DESC__C
  000003b0    000003b0    00000020   00000020    r-- .const:ti_sysbios_knl_Queue_Object__DESC__C
  000003d0    000003d0    00000020   00000020    r-- .const:ti_sysbios_knl_Semaphore_Object__DESC__C
  000003f0    000003f0    00000020   00000020    r-- .const:ti_sysbios_knl_Swi_Object__DESC__C
  00000410    00000410    00000020   00000020    r-- .const:ti_sysbios_knl_Task_Object__DESC__C
  00000430    00000430    00000018   00000018    r-- .const:ti_sysbios_gates_GateHwi_Object__PARAMS__C
  00000448    00000448    00000018   00000018    r-- .const:ti_sysbios_gates_GateMutex_Object__PARAMS__C
  00000460    00000460    00000018   00000018    r-- .const:ti_sysbios_knl_Queue_Object__PARAMS__C
  00000478    00000478    00000008   00000008    r-- .const:ti_sysbios_knl_Idle_funcList__C
  00000484    00000484    00000004   00000004    r-- .const:ti_sysbios_family_arm_cc26xx_Timer_startupNeeded__C
  00000488    00000488    00000004   00000004    r-- .const:ti_sysbios_family_arm_m3_Hwi_E_alreadyDefined__C
  0000048c    0000048c    00000004   00000004    r-- .const:ti_sysbios_family_arm_m3_Hwi_E_hwiLimitExceeded__C
  00000490    00000490    00000004   00000004    r-- .const:ti_sysbios_family_arm_m3_Hwi_NUM_INTERRUPTS__C
  00000494    00000494    00000004   00000004    r-- .const:ti_sysbios_family_arm_m3_Hwi_Object__count__C
  00000498    00000498    00000004   00000004    r-- .const:ti_sysbios_family_arm_m3_Hwi_Object__table__C
  0000049c    0000049c    00000004   00000004    r-- .const:ti_sysbios_family_arm_m3_Hwi_ccr__C
  000004a0    000004a0    00000004   00000004    r-- .const:ti_sysbios_family_arm_m3_Hwi_excHandlerFunc__C
  000004a4    000004a4    00000004   00000004    r-- .const:ti_sysbios_family_arm_m3_Hwi_nullIsrFunc__C
  000004a8    000004a8    00000004   00000004    r-- .const:ti_sysbios_family_arm_m3_Hwi_numSparseInterrupts__C
  000004ac    000004ac    00000004   00000004    r-- .const:ti_sysbios_family_arm_m3_Hwi_priGroup__C
  000004b0    000004b0    00000004   00000004    r-- .const:ti_sysbios_family_arm_m3_TaskSupport_stackAlignment__C
  000004b4    000004b4    00000004   00000004    r-- .const:ti_sysbios_heaps_HeapMem_E_memory__C
  000004b8    000004b8    00000004   00000004    r-- .const:ti_sysbios_heaps_HeapMem_Module__gateObj__C
  000004bc    000004bc    00000004   00000004    r-- .const:ti_sysbios_heaps_HeapMem_Object__count__C
  000004c0    000004c0    00000004   00000004    r-- .const:ti_sysbios_heaps_HeapMem_Object__table__C
  000004c4    000004c4    00000004   00000004    r-- .const:ti_sysbios_heaps_HeapMem_reqAlign__C
  000004c8    000004c8    00000004   00000004    r-- .const:ti_sysbios_knl_Clock_serviceMargin__C
  000004cc    000004cc    00000004   00000004    r-- .const:ti_sysbios_knl_Mailbox_Object__count__C
  000004d0    000004d0    00000004   00000004    r-- .const:ti_sysbios_knl_Mailbox_Object__table__C
  000004d4    000004d4    00000004   00000004    r-- .const:ti_sysbios_knl_Queue_Object__count__C
  000004d8    000004d8    00000004   00000004    r-- .const:ti_sysbios_knl_Queue_Object__table__C
  000004dc    000004dc    00000004   00000004    r-- .const:ti_sysbios_knl_Swi_Object__count__C
  000004e0    000004e0    00000004   00000004    r-- .const:ti_sysbios_knl_Swi_Object__table__C
  000004e4    000004e4    00000004   00000004    r-- .const:ti_sysbios_knl_Swi_numPriorities__C
  000004e8    000004e8    00000004   00000004    r-- .const:ti_sysbios_knl_Task_Object__count__C
  000004ec    000004ec    00000004   00000004    r-- .const:ti_sysbios_knl_Task_Object__table__C
  000004f0    000004f0    00000004   00000004    r-- .const:ti_sysbios_knl_Task_allBlockedFunc__C
  000004f4    000004f4    00000004   00000004    r-- .const:ti_sysbios_knl_Task_defaultStackHeap__C
  000004f8    000004f8    00000004   00000004    r-- .const:ti_sysbios_knl_Task_defaultStackSize__C
  000004fc    000004fc    00000004   00000004    r-- .const:ti_sysbios_knl_Task_numConstructedTasks__C
  00000502    00000502    00000002   00000002    r-- .const:ti_sysbios_family_arm_cc26xx_Timer_Module__id__C
  00000504    00000504    00000002   00000002    r-- .const:ti_sysbios_family_arm_cc26xx_TimestampProvider_useClockTimer__C
  00000506    00000506    00000002   00000002    r-- .const:ti_sysbios_family_arm_m3_Hwi_Module__id__C
  00000508    00000508    00000002   00000002    r-- .const:ti_sysbios_gates_GateHwi_Module__id__C
  0000050a    0000050a    00000002   00000002    r-- .const:ti_sysbios_gates_GateMutex_Module__id__C
  0000050c    0000050c    00000002   00000002    r-- .const:ti_sysbios_heaps_HeapMem_Module__id__C
  0000050e    0000050e    00000002   00000002    r-- .const:ti_sysbios_knl_Task_initStackFlag__C
  00000510    00000510    00000001   00000001    r-- .const:ti_sysbios_knl_Clock_tickMode__C
  00000514    00000514    00000008   00000008    r-- .const:xdc_runtime_Startup_firstFxns__C
  0000051c    0000051c    00000008   00000008    r-- .const:xdc_runtime_Startup_lastFxns__C
  00000524    00000524    00000004   00000004    r-- .const:xdc_runtime_Assert_E_assertFailed__C
  00000528    00000528    00000004   00000004    r-- .const:xdc_runtime_Error_E_memory__C
  0000052c    0000052c    00000004   00000004    r-- .const:xdc_runtime_Error_policyFxn__C
  00000530    00000530    00000004   00000004    r-- .const:xdc_runtime_IGateProvider_Interface__BASE__C
  00000534    00000534    00000004   00000004    r-- .const:xdc_runtime_IHeap_Interface__BASE__C
  00000538    00000538    00000004   00000004    r-- .const:xdc_runtime_IModule_Interface__BASE__C
  0000053c    0000053c    00000004   00000004    r-- .const:xdc_runtime_Main_Module__diagsEnabled__C
  00000540    00000540    00000004   00000004    r-- .const:xdc_runtime_Main_Module__diagsIncluded__C
  00000544    00000544    00000004   00000004    r-- .const:xdc_runtime_Main_Module__diagsMask__C
  00000548    00000548    00000004   00000004    r-- .const:xdc_runtime_Memory_defaultHeapInstance__C
  0000054c    0000054c    00000004   00000004    r-- .const:xdc_runtime_Startup_execImpl__C
  00000550    00000550    00000004   00000004    r-- .const:xdc_runtime_Startup_maxPasses__C
  00000554    00000554    00000004   00000004    r-- .const:xdc_runtime_Startup_sfxnRts__C
  00000558    00000558    00000004   00000004    r-- .const:xdc_runtime_Startup_sfxnTab__C
  0000055c    0000055c    00000004   00000004    r-- .const:xdc_runtime_Startup_startModsFxn__C
  00000560    00000560    00000004   00000004    r-- .const:xdc_runtime_SysCallback_abortFxn__C
  00000564    00000564    00000004   00000004    r-- .const:xdc_runtime_SysCallback_exitFxn__C
  00000568    00000568    00000004   00000004    r-- .const:xdc_runtime_System_abortFxn__C
  0000056c    0000056c    00000004   00000004    r-- .const:xdc_runtime_System_exitFxn__C
  00000570    00000570    00000004   00000004    r-- .const:xdc_runtime_System_maxAtexitHandlers__C
  00000574    00000574    00000004   00000004    r-- .const:xdc_runtime_Text_charTab__C
  00000578    00000578    00000004   00000004    r-- .const:xdc_runtime_Text_nameEmpty__C
  0000057c    0000057c    00000004   00000004    r-- .const:xdc_runtime_Text_nameStatic__C
  00000580    00000580    00000004   00000004    r-- .const:xdc_runtime_Text_nameUnknown__C
  00000584    00000584    00000002   00000002    r-- .const:xdc_runtime_Main_Module__id__C
  00000586    00000586    00000002   00000002    r-- .const:xdc_runtime_Memory_Module__id__C
  00000588    00000588    00000002   00000002    r-- .const:xdc_runtime_Text_charCnt__C
  0000058a    0000058a    00000002   00000002    r-- .const:xdc_runtime_Text_isLoaded__C
  0000058c    0000058c    00000001   00000001    r-- .const:xdc_runtime_Error_policy__C
  00000590    00000590    00000004   00000004    r-- .const:ti_sysbios_rom_ROM_AONRTCChannelEnable
  00000594    00000594    00000004   00000004    r-- .const:ti_sysbios_rom_ROM_AONRTCCompareValueSet
  00000598    00000598    00000004   00000004    r-- .const:ti_sysbios_rom_ROM_AONRTCCurrentCompareValueGet
  0000059c    0000059c    00000004   00000004    r-- .const:ti_sysbios_rom_ROM_AONRTCEventClear
  000005a0    000005a0    00000004   00000004    r-- .const:ti_sysbios_rom_ROM_ti_sysbios_family_arm_cc26xx_Timer_getCount64__E
  000005a4    000005a4    00000004   00000004    r-- .const:ti_sysbios_rom_ROM_ti_sysbios_family_arm_cc26xx_Timer_getCurrentTick__E
  000005a8    000005a8    00000004   00000004    r-- .const:ti_sysbios_rom_ROM_ti_sysbios_family_arm_cc26xx_Timer_getMaxTicks__E
  000005ac    000005ac    00000004   00000004    r-- .const:ti_sysbios_rom_ROM_ti_sysbios_family_arm_cc26xx_Timer_initDevice__I
  000005b0    000005b0    00000004   00000004    r-- .const:ti_sysbios_rom_ROM_ti_sysbios_family_arm_cc26xx_Timer_setNextTick__E
  000005b4    000005b4    00000004   00000004    r-- .const:ti_sysbios_rom_ROM_ti_sysbios_family_arm_cc26xx_Timer_setThreshold__I
  000005b8    000005b8    00000004   00000004    r-- .const:ti_sysbios_rom_ROM_ti_sysbios_family_arm_cc26xx_Timer_start__E
  000005bc    000005bc    00000004   00000004    r-- .const:ti_sysbios_rom_ROM_ti_sysbios_family_arm_cc26xx_TimestampProvider_get32__E
  000005c0    000005c0    00000004   00000004    r-- .const:ti_sysbios_rom_ROM_xdc_runtime_Startup_getState__I
  000005c4    000005c4    00000004   00000004    r-- .const:ti_sysbios_rom_ROM_xdc_runtime_System_SupportProxy_abort__E
  000005c8    000005c8    00000004   00000004    r-- .const:ti_sysbios_rom_ROM_xdc_runtime_System_SupportProxy_exit__E
  000005cc    000005cc    00000004   00000004    r-- .const:ti_sysbios_gates_GateMutex_Instance_State_sem__O
  000005d0    000005d0    00000004   00000004    r-- .const:ti_sysbios_knl_Clock_Module_State_clockQ__O
  000005d4    000005d4    00000004   00000004    r-- .const:ti_sysbios_knl_Mailbox_Instance_State_dataQue__O
  000005d8    000005d8    00000004   00000004    r-- .const:ti_sysbios_knl_Mailbox_Instance_State_dataSem__O
  000005dc    000005dc    00000004   00000004    r-- .const:ti_sysbios_knl_Mailbox_Instance_State_freeQue__O
  000005e0    000005e0    00000004   00000004    r-- .const:ti_sysbios_knl_Mailbox_Instance_State_freeSem__O
  000005e4    000005e4    00000004   00000004    r-- .const:ti_sysbios_knl_Semaphore_Instance_State_pendQ__O
  000005e8    000005e8    00000004   00000004    r-- .const:ti_sysbios_knl_Task_Module_State_inactiveQ__O
  000005ec    000005ec    0000a538   0000a538    r-x .text
  0000ab24    0000ab24    000006d4   000006d4    r-- .const
  0000b1f8    0000b1f8    00000c50   00000c50    r-- .cinit
20000000    20000000    000000c8   00000000    rw-
  20000000    20000000    000000c8   00000000    rw- .vecs
20000100    20000100    00000104   00000000    rw-
  20000100    20000100    00000044   00000000    rw- .data:ti_sysbios_knl_Task_Module__state__V
  20000144    20000144    00000034   00000000    rw- .data:ti_sysbios_family_arm_m3_Hwi_Module__state__V
  20000178    20000178    0000002c   00000000    rw- .data:ti_sysbios_knl_Clock_Module__state__V
  200001a4    200001a4    00000024   00000000    rw- .data:ti_sysbios_BIOS_Module__state__V
  200001c8    200001c8    0000001c   00000000    rw- .data:ti_sysbios_knl_Swi_Module__state__V
  200001e4    200001e4    00000008   00000000    rw- .data:ti_sysbios_family_arm_cc26xx_Timer_Module__state__V
  200001ec    200001ec    00000004   00000000    rw- .data:ti_sysbios_family_arm_cc26xx_TimestampProvider_Module__state__V
  200001f0    200001f0    00000008   00000000    rw- .data:xdc_runtime_Startup_Module__state__V
  200001f8    200001f8    00000008   00000000    rw- .data:xdc_runtime_System_Module__state__V
  20000200    20000200    00000004   00000000    rw- .data:xdc_runtime_Memory_Module__state__V
20000430    20000430    00000010   00000000    rw-
  20000430    20000430    00000010   00000000    rw- .TI.bound:dmaRxControlTableEntry0
20000440    20000440    00000010   00000000    rw-
  20000440    20000440    00000010   00000000    rw- .TI.bound:dmaTxControlTableEntry0
20000500    20000500    00000010   00000000    rw-
  20000500    20000500    00000010   00000000    rw- .TI.bound:dmaRxControlTableEntry1
20000510    20000510    0000364f   00000000    rw-
  20000510    20000510    00000010   00000000    rw- .TI.bound:dmaTxControlTableEntry1
  20000520    20000520    00001e24   00000000    rw- .data
  20002348    20002348    00001817   00000000    rw- .bss
2000405c    2000405c    00000400   00000000    rw-
  2000405c    2000405c    00000400   00000000    rw- .stack


SECTION ALLOCATION MAP

 output                                  attributes/
section   page    origin      length       input sections
--------  ----  ----------  ----------   ----------------
.text      0    000005ec    0000a538     
                  000005ec    000005dc     SensorTag.obj (.text:SensorTag_taskFxn)
                  00000bc8    000005ce     driverlib.lib : setup.obj (.text:HapiTrimDeviceShutDown)
                  00001196    00000002     SPICC26XXDMA.obj (.text:SPICC26XXDMA_serviceISR)
                  00001198    000004c0     peripheral.obj (.text:gapRole_taskFxn)
                  00001658    0000034c     sysbios.aem3 : mangled__BIOS_lib.obj (.text:ti_sysbios_family_arm_cc26xx_Power_auxISR__E)
                  000019a4    000002f4                  : mangled__BIOS_lib.obj (.text:ti_sysbios_family_arm_cc26xx_Power_sleep__E)
                  00001c98    00000294     peripheral.obj (.text:GAPRole_SetParameter)
                  00001f2c    000001f4     rtsv7M3_T_le_eabi.lib : ull_div_t2.obj (.text)
                  00002120    000001aa     driverlib.lib : sys_ctrl.obj (.text:SysCtrlSetRechargeBeforePowerDown)
                  000022ca    00000002     appBLE_pem3.oem3 (.text:ti_sysbios_BIOS_nullFunc__I)
                  000022cc    00000194     PINCC26XX.obj (.text:PIN_init)
                  00002460    0000018c     SPICC26XXDMA.obj (.text:SPICC26XXDMA_transfer)
                  000025ec    00000154     registerservice.obj (.text:sensor_WriteAttrCB)
                  00002740    00000150     SPICC26XXDMA.obj (.text:SPICC26XXDMA_initIO)
                  00002890    00000144     oad.obj (.text:OAD_imgBlockWrite)
                  000029d4    0000013c     peripheral.obj (.text:GAPRole_GetParameter)
                  00002b10    00000138     I2CCC26XX.obj (.text:I2CCC26XX_open)
                  00002c48    0000012c     SPICC26XXDMA.obj (.text:SPICC26XXDMA_open)
                  00002d74    00000118     devinfoservice.obj (.text:DevInfo_SetParameter)
                  00002e8c    0000010c     SensorTag_Mov.obj (.text:SensorTagMov_processSensorEvent)
                  00002f98    0000010a     ICall.obj (.text:ICall_primWaitMatch)
                  000030a2    00000002     sysbios.aem3 : mangled__BIOS_lib.obj (.text:ti_sysbios_family_arm_cc26xx_Power_defaultClockFunc__E)
                  000030a4    00000104                  : mangled__BIOS_lib.obj (.text:calibrateRcoscHf1$28)
                  000031a8    00000100     SPICC26XXDMA.obj (.text:SPICC26XXDMA_transferCancel)
                  000032a8    00000100     SensorTag_Bar.obj (.text:sensorTaskFxn)
                  000033a8    000000fc     SPICC26XXDMA.obj (.text:SPICC26XXDMA_hwiFxn)
                  000034a4    000000fc     sensor_mpu9250.obj (.text:sensorMpu9250MagRead)
                  000035a0    000000f8     sysbios.aem3 : mangled__BIOS_lib.obj (.text:ti_sysbios_family_arm_cc26xx_Power_startFirstMeasurement__E)
                  00003698    000000f0     sensor_bmp280.obj (.text:sensorBmp280Convert)
                  00003788    000000f0     sysbios.aem3 : mangled__BIOS_lib.obj (.text:ti_sysbios_family_arm_cc26xx_Power_standbyPolicy__E)
                  00003878    000000e8     sensor_mpu9250.obj (.text:sensorMpu9250WomEnable)
                  00003960    000000e0     I2CCC26XX.obj (.text:I2CCC26XX_hwiFxn)
                  00003a40    000000dc     oad.obj (.text:OAD_imgIdentifyWrite)
                  00003b1c    000000dc     sensor_mpu9250.obj (.text:sensorMpu9250Reset)
                  00003bf8    000000dc     SensorTag_Tmp.obj (.text:sensorTaskFxn)
                  00003cd4    000000d8     sensor_mpu9250.obj (.text:sensorMpu9250Enable)
                  00003dac    000000d8     sysbios.aem3 : mangled__BIOS_lib.obj (.text:ti_sysbios_family_arm_cc26xx_Power_setDependency__E)
                  00003e84    000000d0     ioservice.obj (.text:io_WriteAttrCB)
                  00003f54    000000d0     barometerservice.obj (.text:sensor_WriteAttrCB)
                  00004024    000000d0     humidityservice.obj (.text:sensor_WriteAttrCB)
                  000040f4    000000d0     irtempservice.obj (.text:sensor_WriteAttrCB)
                  000041c4    000000d0     movementservice.obj (.text:sensor_WriteAttrCB)
                  00004294    000000d0     opticservice.obj (.text:sensor_WriteAttrCB)
                  00004364    000000d0     sysbios.aem3 : mangled__BIOS_lib.obj (.text:ti_sysbios_family_arm_cc26xx_Power_releaseDependency__E)
                  00004434    000000c8     I2CCC26XX.obj (.text:I2CCC26XX_transfer)
                  000044fc    000000c4     oad_target_externalFlash.obj (.text:OADTarget_systemReset)
                  000045c0    000000c0     SensorTag_Mov.obj (.text:SensorTagMov_processCharChangeEvt)
                  00004680    000000bc     SensorTag_IO.obj (.text:SensorTagIO_processCharChangeEvt)
                  0000473c    000000bc     sensor.obj (.text:sensorTestExecute)
                  000047f8    000000b8     PINCC26XX.obj (.text:PINCC26XX_setIoCfg)
                  000048b0    000000b8     ccservice.obj (.text:ccService_WriteAttrCB)
                  00004968    000000b8     SensorTag_Hum.obj (.text:sensorTaskFxn)
                  00004a20    000000b4     SensorTag_Keys.obj (.text:SensorTagKeys_processEvent)
                  00004ad4    000000b4     devinfoservice.obj (.text:devInfo_ReadAttrCB)
                  00004b88    000000b4     driverlib.lib : setup.obj (.text:trimDevice)
                  00004c3c    000000b0     gattservapp_util.obj (.text:GATTServApp_ProcessCharCfg)
                  00004cec    000000b0     sysbios.aem3 : mangled__BIOS_lib.obj (.text:ti_sysbios_knl_Clock_workFuncDynamic__E)
                  00004d9c    000000a8                  : mangled__BIOS_lib.obj (.text:ti_sysbios_knl_Task_setPri__E)
                  00004e44    000000a4                  : mangled__BIOS_lib.obj (.text:ti_sysbios_family_arm_cc26xx_Power_initiateCalibration__E)
                  00004ee8    000000a0     auto_init.aem3 : auto_init.oem3 (.text)
                  00004f88    0000009c     ICall.obj (.text:ICall_primSetTimer)
                  00005024    0000009c     rtsv7M3_T_le_eabi.lib : memcpy_t2.obj (.text)
                  000050c0    0000009c     sensor_tmp007.obj (.text:sensorTmp007Test)
                  0000515c    00000096     sensor_bmp280.obj (.text:sensorBmp280Test)
                  000051f2    00000094     driverlib.lib : osc.obj (.text:OSCHF_GetStartupTime)
                  00005286    00000002     sysbios.aem3 : mangled__BIOS_lib.obj (.text:ti_sysbios_family_arm_cc26xx_Power_defaultNotifyTrapFunc__E)
                  00005288    00000094     SensorTag_Opt.obj (.text:SensorTagOpt_processCharChangeEvt)
                  0000531c    0000008c     PINCC26XX.obj (.text:PIN_open)
                  000053a8    0000008c     SensorTag_Bar.obj (.text:SensorTagBar_processCharChangeEvt)
                  00005434    0000008c     sensor_tmp007.obj (.text:sensorTmp007Read)
                  000054c0    0000008c     sysbios.aem3 : mangled__BIOS_lib.obj (.text:ti_sysbios_family_arm_cc26xx_Power_LF_clockFunc__E)
                  0000554c    0000008c                  : mangled__BIOS_lib.obj (.text:ti_sysbios_family_arm_cc26xx_Power_Module_startup__E)
                  000055d8    00000088     I2CCC26XX.obj (.text:I2CCC26XX_close)
                  00005660    00000088     registerservice.obj (.text:sensor_ReadAttrCB)
                  000056e8    00000088     sysbios.aem3 : mangled__BIOS_lib.obj (.text:ti_sysbios_family_arm_cc26xx_Timer_start__E)
                  00005770    00000084     ICall.obj (.text:ICall_heapMalloc)
                  000057f4    00000084     SensorTag_Tmp.obj (.text:SensorTagTmp_processCharChangeEvt)
                  00005878    00000080     SensorTag_Hum.obj (.text:SensorTagHum_processCharChangeEvt)
                  000058f8    00000080     oad.obj (.text:oadWriteAttrCB)
                  00005978    0000007c     driverlib.lib : chipinfo.obj (.text:ChipInfo_GetHwRevision)
                  000059f4    0000007c     ICall.obj (.text:ICall_createRemoteTasks)
                  00005a70    0000007c     gattservapp_util.obj (.text:gattServApp_SendNotiInd)
                  00005aec    0000007a     rtsv7M3_T_le_eabi.lib : memset_t2.obj (.text)
                  00005b66    00000002     appBLE_pem3.oem3 (.text:ti_sysbios_rom_cortexm_cc26xx_CC26xx_badRomRevision__E)
                  00005b68    00000078     SPICC26XXDMA.obj (.text:SPICC26XXDMA_control)
                  00005be0    00000078     bsp_i2c.obj (.text:bspI2cSelect)
                  00005c58    00000078     movementservice.obj (.text:sensor_ReadAttrCB)
                  00005cd0    00000074     ccservice.obj (.text:CcService_setParameter)
                  00005d44    00000074     ICall.obj (.text:ICall_primSend)
                  00005db8    00000074     movementservice.obj (.text:Movement_setParameter)
                  00005e2c    00000074     ext_flash.obj (.text:extFlashWrite)
                  00005ea0    00000070     bsp_i2c.obj (.text:bspI2cInit)
                  00005f10    00000070     barometerservice.obj (.text:sensor_ReadAttrCB)
                  00005f80    0000006e     driverlib.lib : osc.obj (.text:OSCHF_AttemptToSwitchToXosc)
                  00005fee    00000002     sysbios.aem3 : mangled__BIOS_lib.obj (.text:xdc_runtime_SysCallback_defaultAbort)
                  00005ff0    0000006c     barometerservice.obj (.text:Barometer_setParameter)
                  0000605c    0000006c     ICallCC2650.obj (.text:ICallPlatform_pwrUpdActivityCounter)
                  000060c8    0000006c     SensorTag_ConnCtrl.obj (.text:SensorTagConnectionControl_update)
                  00006134    0000006c     peripheral.obj (.text:gapRole_startConnUpdate)
                  000061a0    0000006a     I2CCC26XX.obj (.text:I2CCC26XX_primeTransfer)
                  0000620a    0000006a     rtsv7M3_T_le_eabi.lib : copy_decompress_rle.obj (.text)
                  00006274    0000006a     sensor_opt3001.obj (.text:sensorOpt3001Read)
                  000062de    00000002     sysbios.aem3 : mangled__BIOS_lib.obj (.text:xdc_runtime_SysCallback_defaultExit)
                  000062e0    00000068     humidityservice.obj (.text:Humidity_setParameter)
                  00006348    00000068     ICall.obj (.text:ICall_primEnroll)
                  000063b0    00000068     irtempservice.obj (.text:IRTemp_setParameter)
                  00006418    00000068     simplekeys.obj (.text:SK_AddService)
                  00006480    00000068     UDMACC26XX.obj (.text:UDMACC26XX_open)
                  000064e8    00000068     SensorTag_Mov.obj (.text:appStateSet)
                  00006550    00000066     driverlib.lib : sys_ctrl.obj (.text:SysCtrl_DCDC_VoltageConditionalControl)
                  000065b6    00000066     sensor_hdc1000.obj (.text:sensorHdc1000Test)
                  0000661c    00000066     humidityservice.obj (.text:sensor_ReadAttrCB)
                  00006682    00000066     irtempservice.obj (.text:sensor_ReadAttrCB)
                  000066e8    00000066     opticservice.obj (.text:sensor_ReadAttrCB)
                  0000674e    00000002     --HOLE-- [fill = 0]
                  00006750    00000064     oad.obj (.text:OAD_getNextBlockReq)
                  000067b4    00000064     opticservice.obj (.text:Optic_setParameter)
                  00006818    00000064     PINCC26XX.obj (.text:PIN_add)
                  0000687c    00000064     registerservice.obj (.text:Register_addService)
                  000068e0    00000064     registerservice.obj (.text:sensor_initRegister)
                  00006944    00000062     driverlib.lib : sys_ctrl.obj (.text:SysCtrlAdjustRechargeAfterPowerDown)
                  000069a6    00000002     --HOLE-- [fill = 0]
                  000069a8    00000060     oad.obj (.text:OAD_addService)
                  00006a08    00000060     SensorTag_Mov.obj (.text:SensorTagMov_init)
                  00006a68    00000060     ext_flash.obj (.text:extFlashErase)
                  00006ac8    00000060     appBLE_pem3.oem3 (.text:ti_sysbios_family_arm_cc26xx_Power_XOSC_HF_clockFunc__E)
                  00006b28    00000060     sysbios.aem3 : mangled__BIOS_lib.obj (.text:ti_sysbios_family_arm_cc26xx_Timer_setNextTick__E)
                  00006b88    0000005c     barometerservice.obj (.text:Barometer_addService)
                  00006be4    0000005c     ccservice.obj (.text:CcService_addService)
                  00006c40    0000005c     humidityservice.obj (.text:Humidity_addService)
                  00006c9c    0000005c     ICall.obj (.text:ICall_newTask)
                  00006cf8    0000005c     ICall.obj (.text:ICall_primThreadServes)
                  00006d54    0000005c     irtempservice.obj (.text:IRTemp_addService)
                  00006db0    0000005c     ioservice.obj (.text:Io_addService)
                  00006e0c    0000005c     movementservice.obj (.text:Movement_addService)
                  00006e68    0000005c     opticservice.obj (.text:Optic_addService)
                  00006ec4    0000005c     sensor_mpu9250.obj (.text:sensorMpu9250MagReset)
                  00006f20    0000005c     sensor_mpu9250.obj (.text:sensorMpu9250Test)
                  00006f7c    0000005c     registerservice.obj (.text:sensor_readRegister)
                  00006fd8    0000005c     appBLE_pem3.oem3 (.text:xdc_runtime_Startup_getState__I)
                  00007034    0000005a     ioservice.obj (.text:io_ReadAttrCB)
                  0000708e    00000002     --HOLE-- [fill = 0]
                  00007090    00000058     peripheral.obj (.text:GAPRole_SendUpdateParam)
                  000070e8    00000058     I2CCC26XX.obj (.text:I2CCC26XX_completeTransfer)
                  00007140    00000058     ICallCC2650.obj (.text:ICallPlatform_pwrRegisterNotify)
                  00007198    00000058     driverlib.lib : osc.obj (.text:OSCHF_SwitchToRcOscTurnOffXosc)
                  000071f0    00000058     SPICC26XXDMA.obj (.text:SPICC26XXDMA_initHw)
                  00007248    00000058     util.obj (.text:Util_constructClock)
                  000072a0    00000058     SensorTag_Keys.obj (.text:processGapStateChange)
                  000072f8    00000058     sysbios.aem3 : mangled__BIOS_lib.obj (.text:ti_sysbios_family_arm_cc26xx_Power_notify__I)
                  00007350    00000056     gattservapp_util.obj (.text:GATTServApp_ProcessCCCWriteReq)
                  000073a6    00000056     driverlib.lib : ddi.obj (.text:NOROM_DDI16BitfieldWrite)
                  000073fc    00000054     ICall.obj (.text:ICall_primFetchMsg)
                  00007450    00000054     ioservice.obj (.text:Io_setParameter)
                  000074a4    00000054     PINCC26XX.obj (.text:PIN_remove)
                  000074f8    00000054     SensorTag_IO.obj (.text:SensorTagIO_reset)
                  0000754c    00000054     util.obj (.text:Util_enqueueMsg)
                  000075a0    00000054     util.obj (.text:Util_rescheduleClock)
                  000075f4    00000054     ccservice.obj (.text:ccService_ReadAttrCB)
                  00007648    00000052     ICall.obj (.text:ICall_primWait)
                  0000769a    00000052     driverlib.lib : osc.obj (.text:NOROM_OSCClockSourceSet)
                  000076ec    00000052     SensorTag_ConnCtrl.obj (.text:SensorTagConnControl_processCharChangeEvt)
                  0000773e    00000052     ext_flash.obj (.text:extFlashRead)
                  00007790    00000050     ICallBleAPI.obj (.text:GAPBondMgr_LinkEst)
                  000077e0    00000050     ICallBleAPI.obj (.text:GAP_DeviceInit)
                  00007830    00000050     ICallBleAPI.obj (.text:GATTServApp_RegisterService)
                  00007880    00000050     I2CCC26XX.obj (.text:I2CCC26XX_initHw)
                  000078d0    00000050     ICall.obj (.text:ICall_primGetEntityId)
                  00007920    00000050     ICall.obj (.text:ICall_primRegisterApp)
                  00007970    00000050     sensor_hdc1000.obj (.text:sensorHdc1000Read)
                  000079c0    0000004e     SPICC26XXDMA.obj (.text:SPICC26XXDMA_close)
                  00007a0e    0000004e     sensor_opt3001.obj (.text:sensorOpt3001Test)
                  00007a5c    0000004c     ICall.obj (.text:ICall_primFetchServiceMsg)
                  00007aa8    0000004c     SensorTag_Opt.obj (.text:SensorTagOpt_init)
                  00007af4    0000004c     SensorTag.obj (.text:SensorTag_blinkLed)
                  00007b40    0000004c     bsp_spi.obj (.text:bspSpiOpen)
                  00007b8c    0000004c     ext_flash.obj (.text:extFlashOpen)
                  00007bd8    0000004c     ext_flash.obj (.text:extFlashVerifyPart)
                  00007c24    0000004c     ext_flash.obj (.text:extFlashWaitReady)
                  00007c70    0000004c     ICallBleAPI.obj (.text:gattIndNoti)
                  00007cbc    0000004c     rtsv7M3_T_le_eabi.lib : cpy_tbl.obj (.text)
                  00007d08    0000004c     sensor_mpu9250.obj (.text:sensorMpu9250AccSetRange)
                  00007d54    00000048     ICallBleAPI.obj (.text:GAP_UpdateAdvertisingData)
                  00007d9c    00000048     oad_target_externalFlash.obj (.text:OADTarget_getCurrentImageHeader)
                  00007de4    00000048     PINCC26XX.obj (.text:PIN_Isr)
                  00007e2c    00000048     SensorTag.obj (.text:SensorTag_processOadWriteCB)
                  00007e74    00000048     sensor_bmp280.obj (.text:sensorBmp280Read)
                  00007ebc    00000046     SensorTag.obj (.text:SensorTag_hasFactoryImage)
                  00007f02    00000002     --HOLE-- [fill = 0]
                  00007f04    00000044     boot.aem3 : boot.oem3 (.text)
                  00007f48    00000044     ext_flash.obj (.text:extFlashClose)
                  00007f8c    00000044     rtsv7M3_T_le_eabi.lib : exit.obj (.text)
                  00007fd0    00000044     sensor_mpu9250.obj (.text:sensorMpu9250SetBypass)
                  00008014    00000044     sysbios.aem3 : mangled__BIOS_lib.obj (.text:ti_sysbios_family_arm_cc26xx_Timer_initDevice__I)
                  00008058    00000042     ICall.obj (.text:ICall_primCreateSemaphore)
                  0000809a    00000042     ICall.obj (.text:ICall_primCreateTask)
                  000080dc    00000042     driverlib.lib : ddi.obj (.text:NOROM_DDI16BitfieldRead)
                  0000811e    00000002     --HOLE-- [fill = 0]
                  00008120    00000040     peripheral.obj (.text:GAPRole_createTask)
                  00008160    00000040     oad_target_externalFlash.obj (.text:OADTarget_storeImageHeader)
                  000081a0    00000040     simplekeys.obj (.text:SK_SetParameter)
                  000081e0    00000040     simplekeys.obj (.text:SK_readAttrCB)
                  00008220    00000040     sensor_mpu9250.obj (.text:sensorMpu9250MagTest)
                  00008260    00000040     sensor_mpu9250.obj (.text:sensorMpuSleep)
                  000082a0    00000040     sensor_tmp007.obj (.text:sensorTmp007Enable)
                  000082e0    00000040     appBLE_pem3.oem3 (.text:ti_sysbios_family_arm_cc26xx_Power_XOSC_HF)
                  00008320    00000040     sysbios.aem3 : mangled__BIOS_lib.obj (.text:ti_sysbios_family_arm_cc26xx_Power_isStableXOSC_HF__E)
                  00008360    00000040                  : mangled__BIOS_lib.obj (.text:ti_sysbios_family_arm_cc26xx_Timer_getCurrentTick__E)
                  000083a0    00000040     ICallBleAPI.obj (.text:waitMatchCS)
                  000083e0    0000003e     driverlib.lib : osc.obj (.text:NOROM_OSCInterfaceEnable)
                  0000841e    0000003e     ICallBleAPI.obj (.text:gapSendParamAndPtrCmd)
                  0000845c    0000003c     ICallBleAPI.obj (.text:GAP_GetParamValue)
                  00008498    0000003c     ICallBleAPI.obj (.text:GAP_TerminateLinkReq)
                  000084d4    0000003c     ICallCC2650.obj (.text:ICallPlatform_pwrConfigACAction)
                  00008510    0000003c     PINCC26XX.obj (.text:PINCC26XX_getConfig)
                  0000854c    0000003c     SensorTag_Bar.obj (.text:SensorTagBar_createTask)
                  00008588    0000003c     SensorTag_Hum.obj (.text:SensorTagHum_createTask)
                  000085c4    0000003c     SensorTag_Keys.obj (.text:SensorTagKeys_processKeyLeft)
                  00008600    0000003c     SensorTag_Keys.obj (.text:SensorTagKeys_processKeyRight)
                  0000863c    0000003c     SensorTag_Tmp.obj (.text:SensorTagTmp_createTask)
                  00008678    0000003c     SensorTag.obj (.text:SensorTag_createTask)
                  000086b4    0000003c     bsp_i2c.obj (.text:bspI2cRead)
                  000086f0    0000003c     SensorTag_IO.obj (.text:initBuzzTimer)
                  0000872c    0000003c     ICallBleAPI.obj (.text:sendWaitMatchCS)
                  00008768    0000003c     ICallBleAPI.obj (.text:sendWaitMatchValueCS)
                  000087a4    0000003c     sensor_bmp280.obj (.text:sensorBmp280Init)
                  000087e0    0000003c     sensor_mpu9250.obj (.text:sensorMpu9250AccRead)
                  0000881c    0000003c     sensor_mpu9250.obj (.text:sensorMpu9250AccReadRange)
                  00008858    0000003c     sensor_mpu9250.obj (.text:sensorMpu9250GyroRead)
                  00008894    0000003c     sysbios.aem3 : mangled__BIOS_lib.obj (.text:ti_sysbios_family_arm_cc26xx_Power_releaseConstraint__E)
                  000088d0    0000003a     ICallBleAPI.obj (.text:profileSetParameter)
                  0000890a    0000003a     sensor_mpu9250.obj (.text:sensorMpu9250IntStatus)
                  00008944    00000038     ccservice.obj (.text:CcService_getParameter)
                  0000897c    00000038     I2C.obj (.text:I2C_init)
                  000089b4    00000038     ICall.obj (.text:ICall_dispatch)
                  000089ec    00000038     ICall.obj (.text:ICall_init)
                  00008a24    00000038     ICall.obj (.text:ICall_primGetMaxMSecs)
                  00008a5c    00000038     ICall.obj (.text:ICall_primSetTimerMSecs)
                  00008a94    00000038     movementservice.obj (.text:Movement_getParameter)
                  00008acc    00000038     driverlib.lib : osc.obj (.text:OSCHF_TurnOnXosc)
                  00008b04    00000038     PINCC26XX.obj (.text:PIN_setOutputValue)
                  00008b3c    00000038     SPICC26XXDMA.obj (.text:SPICC26XXDMA_csnCallback)
                  00008b74    00000038     SensorTag_Opt.obj (.text:SensorTagOpt_reset)
                  00008bac    00000038     util.obj (.text:Util_restartClock)
                  00008be4    00000038     bsp_i2c.obj (.text:bspI2cWrite)
                  00008c1c    00000038     bsp_i2c.obj (.text:bspI2cWriteRead)
                  00008c54    00000038     bsp_spi.obj (.text:bspSpiClose)
                  00008c8c    00000038     ICallBleAPI.obj (.text:gapSendParamsCmd)
                  00008cc4    00000038     ICallBleAPI.obj (.text:gapSendPtrParamsCmd)
                  00008cfc    00000038     ICallBleAPI.obj (.text:linkDB_NumConns)
                  00008d34    00000038     ICallBleAPI.obj (.text:osal_snv_read)
                  00008d6c    00000038     ICallBleAPI.obj (.text:osal_snv_write)
                  00008da4    00000038     sensor_mpu9250.obj (.text:sensorMpu9250GyroSetRange)
                  00008ddc    00000038     sysbios.aem3 : mangled__BIOS_lib.obj (.text:ti_sysbios_family_arm_cc26xx_Power_setConstraint__E)
                  00008e14    00000038                  : mangled__BIOS_lib.obj (.text:ti_sysbios_family_arm_cc26xx_Timer_setThreshold__I)
                  00008e4c    00000036     ICallCC2650.obj (.text:ICallPlatform_pwrDispenseImpl)
                  00008e82    00000036     ICallCC2650.obj (.text:ICallPlatform_pwrRequireImpl)
                  00008eb8    00000036     ICall.obj (.text:ICall_primWaitSemaphore)
                  00008eee    00000002     --HOLE-- [fill = 0]
                  00008ef0    00000034     barometerservice.obj (.text:Barometer_getParameter)
                  00008f24    00000034     driverlib.lib : chipinfo.obj (.text:ChipInfo_GetChipFamily)
                  00008f58    00000034     peripheral.obj (.text:GAPRole_StartDevice)
                  00008f8c    00000034     ICallBleAPI.obj (.text:GAP_SetParamValue)
                  00008fc0    00000034     gattservapp_util.obj (.text:GATTServApp_InitCharCfg)
                  00008ff4    00000034     oad.obj (.text:ICall_malloc)
                  00009028    00000034     ICall.obj (.text:ICall_msgEnqueue)
                  0000905c    00000034     ICall.obj (.text:ICall_primRegisterISR)
                  00009090    00000034     ICall.obj (.text:ICall_primRegisterISR_Ext)
                  000090c4    00000034     ICall.obj (.text:ICall_searchServiceEntity)
                  000090f8    00000034     ICallBleAPI.obj (.text:ICall_sendServiceMsg)
                  0000912c    00000034     PINCC26XX.obj (.text:PIN_setInterrupt)
                  00009160    00000034     SensorTag_Keys.obj (.text:SensorTagKeys_processRelay)
                  00009194    00000032     ICallCC2650.obj (.text:ICallPlatform_pwrNotify)
                  000091c6    00000032     simplekeys.obj (.text:SK_writeAttrCB)
                  000091f8    00000032     ICallBleAPI.obj (.text:matchGapSetGetParamCS)
                  0000922a    00000032     ICallBleAPI.obj (.text:matchGattCmdStatus)
                  0000925c    00000032     ICallBleAPI.obj (.text:matchUtilNvCS)
                  0000928e    00000002     --HOLE-- [fill = 0]
                  00009290    00000030     humidityservice.obj (.text:Humidity_getParameter)
                  000092c0    00000030     ICall.obj (.text:ICall_heapInit)
                  000092f0    00000030     ICall.obj (.text:ICall_msecs2Ticks)
                  00009320    00000030     ICall.obj (.text:ICall_primEntityId2ServiceId)
                  00009350    00000030     ICall.obj (.text:ICall_searchTask)
                  00009380    00000030     ICallBleAPI.obj (.text:ICall_waitMatch)
                  000093b0    00000030     irtempservice.obj (.text:IRTemp_getParameter)
                  000093e0    00000030     opticservice.obj (.text:Optic_getParameter)
                  00009410    00000030     PINCC26XX.obj (.text:PIN_setConfig)
                  00009440    00000030     registerservice.obj (.text:Register_setParameter)
                  00009470    00000030     bsp_spi.obj (.text:bspSpiRead)
                  000094a0    00000030     bsp_spi.obj (.text:bspSpiWrite)
                  000094d0    00000030     ext_flash.obj (.text:extFlashWriteEnable)
                  00009500    00000030     main.obj (.text:main)
                  00009530    00000030     ICallBleAPI.obj (.text:profileAddService)
                  00009560    00000030     sensor_hdc1000.obj (.text:sensorHdc1000Init)
                  00009590    00000030     sensor_mpu9250.obj (.text:sensorMpu9250PowerOn)
                  000095c0    00000030     appBLE_pem3.oem3 (.text:ti_sysbios_BIOS_atExitFunc__I)
                  000095f0    00000030     sysbios.aem3 : mangled__BIOS_lib.obj (.text:ti_sysbios_family_arm_cc26xx_Power_registerNotify__E)
                  00009620    00000030                  : mangled__BIOS_lib.obj (.text:ti_sysbios_family_arm_cc26xx_Power_switchXOSC_HF__E)
                  00009650    0000002e     oad.obj (.text:crc16)
                  0000967e    0000002e     ICallBleAPI.obj (.text:matchProfileAddServiceCS)
                  000096ac    0000002e     sensor_opt3001.obj (.text:sensorOpt3001Enable)
                  000096da    0000002c     driverlib.lib : aon_batmon.obj (.text:AONBatMonTemperatureGetDegC)
                  00009706    0000002c     ICallBleAPI.obj (.text:GAPBondMgr_LinkTerm)
                  00009732    0000002c     ICallBleAPI.obj (.text:GAPBondMgr_Register)
                  0000975e    00000002     --HOLE-- [fill = 0]
                  00009760    0000002c     ICallBleAPI.obj (.text:ICall_getLocalMsgEntityId)
                  0000978c    0000002c     ICall.obj (.text:ICall_heapFree)
                  000097b8    0000002c     ICall.obj (.text:ICall_primAllocMsg)
                  000097e4    0000002c     SensorTag_ConnCtrl.obj (.text:SensorTagConnControl_paramUpdateCB)
                  00009810    0000002c     SensorTag_Mov.obj (.text:SensorTagMov_reset)
                  0000983c    0000002c     SensorTag.obj (.text:SensorTag_charValueChangeCB)
                  00009868    0000002c     SensorTag.obj (.text:SensorTag_stateChangeCB)
                  00009894    0000002c     sensor_mpu9250.obj (.text:sensorMpu9250Init)
                  000098c0    0000002c     sensor.obj (.text:sensorWriteReg)
                  000098ec    0000002c     st_util.obj (.text:utilExtractUuid16)
                  00009918    0000002a     UDMACC26XX.obj (.text:UDMACC26XX_close)
                  00009942    0000002a     ICallBleAPI.obj (.text:matchProfileCS)
                  0000996c    00000028     gattservapp_util.obj (.text:GATTServApp_WriteCharCfg)
                  00009994    00000028     ICallBleAPI.obj (.text:ICall_allocMsg)
                  000099bc    00000028     ICallBleAPI.obj (.text:ICall_getEntityId)
                  000099e4    00000028     SensorTag.obj (.text:ICall_malloc)
                  00009a0c    00000028     driverlib.lib : aon_rtc.obj (.text:NOROM_AONRTCCurrentCompareValueGet)
                  00009a34    00000028     PINCC26XX.obj (.text:PINCC26XX_setMux)
                  00009a5c    00000028     SensorTag_Bar.obj (.text:SensorTagBar_reset)
                  00009a84    00000028     gattservapp_util.obj (.text:gattServApp_FindCharCfgItem)
                  00009aac    00000028     sensor_bmp280.obj (.text:sensorBmp280Enable)
                  00009ad4    00000028     sensor_mpu9250.obj (.text:sensorMpu9250PowerOff)
                  00009afc    00000028     appBLE_pem3.oem3 (.text:ti_sysbios_family_arm_cc26xx_Power_isDependencyActive)
                  00009b24    00000028     sysbios.aem3 : mangled__BIOS_lib.obj (.text:ti_sysbios_family_arm_cc26xx_Timer_getMaxTicks__E)
                  00009b4c    00000026     driverlib.lib : osc.obj (.text:NOROM_OSCClockSourceGet)
                  00009b72    00000002     --HOLE-- [fill = 0]
                  00009b74    00000024     ICallBleAPI.obj (.text:GATT_bm_alloc)
                  00009b98    00000024     oad_target_externalFlash.obj (.text:OADTarget_validateNewImage)
                  00009bbc    00000024     SensorTag_Hum.obj (.text:SensorTagHum_reset)
                  00009be0    00000024     SensorTag_IO.obj (.text:SensorTagIO_init)
                  00009c04    00000024     SensorTag_Opt.obj (.text:SensorTagOpt_processSensorEvent)
                  00009c28    00000024     SensorTag_Tmp.obj (.text:SensorTagTmp_reset)
                  00009c4c    00000024     sensor_hdc1000.obj (.text:sensorHdc1000Start)
                  00009c70    00000024     appBLE_pem3.oem3 (.text:ti_sysbios_BIOS_registerRTSLock__I)
                  00009c94    00000024     appBLE_pem3.oem3 (.text:ti_sysbios_BIOS_removeRTSLock__I)
                  00009cb8    00000024     appBLE_pem3.oem3 (.text:ti_sysbios_BIOS_startFunc__I)
                  00009cdc    00000024     sysbios.aem3 : mangled__BIOS_lib.obj (.text:ti_sysbios_family_arm_cc26xx_Timer_dynamicStub__E)
                  00009d00    00000022     rtsv7M3_T_le_eabi.lib : memcmp.obj (.text)
                  00009d22    00000002     --HOLE-- [fill = 0]
                  00009d24    00000020     peripheral.obj (.text:GAPRole_TerminateConnection)
                  00009d44    00000020     util.obj (.text:ICall_free)
                  00009d64    00000020     ICallBleAPI.obj (.text:ICall_freeMsg)
                  00009d84    00000020     ioservice.obj (.text:Io_getParameter)
                  00009da4    00000020     SensorTag_Mov.obj (.text:SensorTagMov_processInterrupt)
                  00009dc4    00000020     SensorTag_Opt.obj (.text:SensorTagOpt_clockHandler)
                  00009de4    00000020     SensorTag.obj (.text:SensorTag_applyFactoryImage)
                  00009e04    00000020     util.obj (.text:Util_dequeueMsg)
                  00009e24    00000020     SensorTag_Mov.obj (.text:initCharacteristicValue)
                  00009e44    00000020     appBLE_pem3.oem3 (.text:ti_sysbios_BIOS_rtsLock__I)
                  00009e64    00000020     sysbios.aem3 : mangled__BIOS_lib.obj (.text:ti_sysbios_family_arm_cc26xx_TimestampProvider_get32__E)
                  00009e84    00000020     SensorTag_IO.obj (.text:timerIsr)
                  00009ea4    0000001e     ICallBleAPI.obj (.text:GATT_Notification)
                  00009ec2    0000001e     ICall.obj (.text:ICall_primSendServiceMsg)
                  00009ee0    0000001e     driverlib.lib : flash.obj (.text:NOROM_FlashProgram)
                  00009efe    0000001e                   : flash.obj (.text:NOROM_FlashSectorErase)
                  00009f1c    0000001e     PINCC26XX.obj (.text:PIN_close)
                  00009f3a    0000001e     sensor.obj (.text:convertToLe)
                  00009f58    0000001c     barometerservice.obj (.text:Barometer_registerAppCBs)
                  00009f74    0000001c     gattservapp_util.obj (.text:GATTServApp_FindAttr)
                  00009f90    0000001c     ICallBleAPI.obj (.text:GATT_bm_free)
                  00009fac    0000001c     humidityservice.obj (.text:Humidity_registerAppCBs)
                  00009fc8    0000001c     ICall.obj (.text:ICall_enterCSImpl)
                  00009fe4    0000001c     ICall.obj (.text:ICall_primService)
                  0000a000    0000001c     irtempservice.obj (.text:IRTemp_registerAppCBs)
                  0000a01c    0000001c     movementservice.obj (.text:Movement_registerAppCBs)
                  0000a038    0000001c     opticservice.obj (.text:Optic_registerAppCBs)
                  0000a054    0000001c     PINCC26XX.obj (.text:PINCC26XX_setIoCfgMux)
                  0000a070    0000001c     ICallBleAPI.obj (.text:getStatusValueFromErrNo)
                  0000a08c    0000001c     sysbios.aem3 : mangled__BIOS_lib.obj (.text:ti_sysbios_family_arm_cc26xx_Power_unregisterNotify__E)
                  0000a0a8    0000001a     ICallBleAPI.obj (.text:matchGattIndNotiCS)
                  0000a0c2    00000018     driverlib.lib : chipinfo.obj (.text:ChipInfo_GetPackageType)
                  0000a0da    00000002     --HOLE-- [fill = 0]
                  0000a0dc    00000018     I2C.obj (.text:I2C_open)
                  0000a0f4    00000018     ICallCC2650.obj (.text:ICallPlatform_pwrDispense)
                  0000a10c    00000018     ICallCC2650.obj (.text:ICallPlatform_pwrRequire)
                  0000a124    00000018     ICall.obj (.text:ICall_primMalloc)
                  0000a13c    00000018     ioservice.obj (.text:Io_registerAppCBs)
                  0000a154    00000018     PINCC26XX.obj (.text:PIN_getConfig)
                  0000a16c    00000018     SPI.obj (.text:SPI_open)
                  0000a184    00000018     SensorTag_Keys.obj (.text:SensorTagKeys_reset)
                  0000a19c    00000018     SensorTag_Mov.obj (.text:SensorTagMov_clockHandler)
                  0000a1b4    00000018     SensorTag.obj (.text:SensorTag_callback)
                  0000a1cc    00000018     peripheral.obj (.text:gapRole_setEvent)
                  0000a1e4    00000018     SensorTag_Bar.obj (.text:initCharacteristicValue)
                  0000a1fc    00000018     SensorTag_Hum.obj (.text:initCharacteristicValue)
                  0000a214    00000018     SensorTag_Opt.obj (.text:initCharacteristicValue)
                  0000a22c    00000018     SensorTag_Tmp.obj (.text:initCharacteristicValue)
                  0000a244    00000018     rtsv7M3_T_le_eabi.lib : args_main.obj (.text)
                  0000a25c    00000018                           : ll_mul_t2.obj (.text)
                  0000a274    00000018     SensorTag.obj (.text:sensorTag_updateAdvertisingData)
                  0000a28c    00000018     appBLE_pem3.oem3 (.text:ti_sysbios_BIOS_rtsUnlock__I)
                  0000a2a4    00000008     (.tramp.ti_sysbios_BIOS_RtsGateProxy_leave__E.1)
                  0000a2ac    00000018     appBLE_pem3.oem3 (.text:ti_sysbios_family_arm_cc26xx_Power_RFCORECLKS)
                  0000a2c4    00000018     sysbios.aem3 : mangled__BIOS_lib.obj (.text:ti_sysbios_family_arm_cc26xx_Timer_getCount64__E)
                  0000a2dc    00000018     appBLE_pem3.oem3 (.text:ti_sysbios_rom_cortexm_cc26xx_CC26xx_checkRevision__E)
                  0000a2f4    00000016     ICall.obj (.text:ICall_leaveCSImpl)
                  0000a30a    00000016     ICall.obj (.text:ICall_primStopTimer)
                  0000a320    00000016     oad_target_externalFlash.obj (.text:OADTarget_imageAddress)
                  0000a336    00000016     sensor.obj (.text:sensorReadReg)
                  0000a34c    00000016     ICallBleAPI.obj (.text:setICallCmdEvtHdr)
                  0000a362    00000016     appBLE_pem3.oem3 (.text:ti_sysbios_BIOS_exitFunc__I)
                  0000a378    00000014     ccservice.obj (.text:CcService_registerAppCBs)
                  0000a38c    00000014     devinfoservice.obj (.text:DevInfo_AddService)
                  0000a3a0    00000014     ICallBleAPI.obj (.text:GGS_SetParameter)
                  0000a3b4    00000014     I2CCC26XX.obj (.text:I2CCC26XX_init)
                  0000a3c8    00000014     ICallCC2650.obj (.text:ICallPlatform_pwrIsStableXOSCHF)
                  0000a3dc    00000014     oad_target_externalFlash.obj (.text:OADTarget_close)
                  0000a3f0    00000014     PINCC26XX.obj (.text:PINCC26XX_getInputValue)
                  0000a404    00000014     PINCC26XX.obj (.text:PINCC26XX_getOutputValue)
                  0000a418    00000014     SPICC26XXDMA.obj (.text:SPICC26XXDMA_init)
                  0000a42c    00000014     SPI.obj (.text:SPI_Params_init)
                  0000a440    00000014     SensorTag_ConnCtrl.obj (.text:SensorTagConnectionControl_init)
                  0000a454    00000014     SensorTag.obj (.text:SensorTag_clockHandler)
                  0000a468    00000014     driverlib.lib : chipinfo.obj (.text:ThisCodeIsBuiltForCC26xxHwRev22AndLater_HaltIfViolated)
                  0000a47c    00000014     bsp_spi.obj (.text:bspSpiFlush)
                  0000a490    00000014     rtsv7M3_T_le_eabi.lib : _lock.obj (.text)
                  0000a4a4    00000014                           : strlen.obj (.text)
                  0000a4b8    00000014     sensor_mpu9250.obj (.text:sensorMpu9250PowerIsOn)
                  0000a4cc    00000014     sensor_mpu9250.obj (.text:sensorMpu9250_Callback)
                  0000a4e0    00000014     appBLE_pem3.oem3 (.text:ti_sysbios_knl_Clock_doTick__I)
                  0000a4f4    00000008     (.tramp.ti_sysbios_knl_Clock_logTick__E.1)
                  0000a4fc    00000008     (.tramp.ti_sysbios_knl_Swi_post__E.1)
                  0000a504    00000012     ICallCC2650.obj (.text:ICallPlatform_pwrGetXOSCStartupTime)
                  0000a516    00000012     ext_flash.obj (.text:extFlashTest)
                  0000a528    00000012     sensor.obj (.text:sensorSetErrorData)
                  0000a53a    00000012     appBLE_pem3.oem3 (.text:xdc_runtime_Startup_exec__I)
                  0000a54c    00000008     (.tramp.xdc_runtime_Startup_startMods__I.1)
                  0000a554    00000010     ICallBleAPI.obj (.text:GAP_EndDiscoverable)
                  0000a564    00000010     ICallBleAPI.obj (.text:GAP_UpdateLinkParamReq)
                  0000a574    00000010     gattservapp_util.obj (.text:GATTServApp_ReadCharCfg)
                  0000a584    00000010     I2C.obj (.text:I2C_Params_init)
                  0000a594    00000010     ICallCC2650.obj (.text:ICallPlatform_pwrGetTransitionState)
                  0000a5a4    00000010     ICall.obj (.text:ICall_primGetTickPeriod)
                  0000a5b4    00000010     ICall.obj (.text:ICall_primGetTicks)
                  0000a5c4    00000010     ICall.obj (.text:ICall_taskEntry)
                  0000a5d4    00000010     oad_target_externalFlash.obj (.text:OADTarget_getCrc)
                  0000a5e4    00000010     oad_target_externalFlash.obj (.text:OADTarget_open)
                  0000a5f4    00000010     oad.obj (.text:OAD_register)
                  0000a604    00000010     SensorTag_Keys.obj (.text:SensorTagKeys_init)
                  0000a614    00000010     util.obj (.text:Util_isActive)
                  0000a624    00000010     bsp_i2c.obj (.text:bspI2cWriteSingle)
                  0000a634    00000010     ext_flash.obj (.text:extFlashDeselect)
                  0000a644    00000010     ext_flash.obj (.text:extFlashSelect)
                  0000a654    00000010     I2CCC26XX.obj (.text:i2cPostNotify)
                  0000a664    0000000e     ICall.obj (.text:ICall_primDisableMInt)
                  0000a672    0000000e     ICall.obj (.text:ICall_primEnableMInt)
                  0000a680    00000008     (.tramp.ti_sysbios_family_arm_m3_Hwi_enableFxn__E.1)
                  0000a688    00000008     (.tramp.ti_sysbios_knl_Task_enable__E.1)
                  0000a690    0000000e     ICall.obj (.text:ICall_primFreeMsg)
                  0000a69e    0000000e     driverlib.lib : vims.obj (.text:NOROM_VIMSModeGet)
                  0000a6ac    0000000e     util.obj (.text:Util_constructQueue)
                  0000a6ba    00000002     --HOLE-- [fill = 0]
                  0000a6bc    00000008     (.tramp.ti_sysbios_knl_Queue_construct.1)
                  0000a6c4    0000000e     rtsv7M3_T_le_eabi.lib : copy_decompress_none.obj (.text:decompress:none)
                  0000a6d2    0000000e     ICallBleAPI.obj (.text:matchGSARegisterServiceCS)
                  0000a6e0    0000000e     ICallBleAPI.obj (.text:matchGapLinkEstCS)
                  0000a6ee    0000000e     ICallBleAPI.obj (.text:matchLinkDBNumConnsCS)
                  0000a6fc    0000000e     ICallBleAPI.obj (.text:setDispatchCmdEvtHdr)
                  0000a70a    00000002     --HOLE-- [fill = 0]
                  0000a70c    0000000c     peripheral.obj (.text:GAPRole_RegisterAppCBs)
                  0000a718    0000000c     ICallBleAPI.obj (.text:GAP_MakeDiscoverable)
                  0000a724    0000000c     ICallBleAPI.obj (.text:GAP_TerminateAuth)
                  0000a730    0000000c     ICallBleAPI.obj (.text:GATT_Indication)
                  0000a73c    0000000c     ICall.obj (.text:ICall_primDisableInt)
                  0000a748    00000008     (.tramp.ti_sysbios_hal_Hwi_disableInterrupt__E.1)
                  0000a750    0000000c     ICall.obj (.text:ICall_primE2S)
                  0000a75c    0000000c     ICall.obj (.text:ICall_primEnableInt)
                  0000a768    00000008     (.tramp.ti_sysbios_hal_Hwi_enableInterrupt__E.1)
                  0000a770    0000000c     ICall.obj (.text:ICall_primFree)
                  0000a77c    0000000c     ICall.obj (.text:ICall_primSignal)
                  0000a788    0000000c     driverlib.lib : cpu.obj (.text:NOROM_CPUcpsid)
                  0000a794    0000000c                   : cpu.obj (.text:NOROM_CPUcpsie)
                  0000a7a0    0000000c     PINCC26XX.obj (.text:PIN_registerIntCb)
                  0000a7ac    0000000c     bsp_i2c.obj (.text:bspI2cDeselect)
                  0000a7b8    0000000c     rtsv7M3_T_le_eabi.lib : copy_zero_init.obj (.text:decompress:ZI)
                  0000a7c4    0000000c     ICallBleAPI.obj (.text:matchProfileSetParamCS)
                  0000a7d0    0000000c     sensor_mpu9250.obj (.text:sensorMpu9250RegisterCallback)
                  0000a7dc    0000000c     sensor_opt3001.obj (.text:sensorOpt3001Init)
                  0000a7e8    0000000c     sensor.obj (.text:sensorTestResult)
                  0000a7f4    0000000c     SPICC26XXDMA.obj (.text:spiPostNotify)
                  0000a800    0000000c     sysbios.aem3 : mangled__BIOS_lib.obj (.text:ti_sysbios_BIOS_getThreadType__E)
                  0000a80c    0000000c                  : mangled__BIOS_lib.obj (.text:ti_sysbios_family_arm_cc26xx_Power_getDependencyCount__E)
                  0000a818    0000000c                  : mangled__BIOS_lib.obj (.text:ti_sysbios_family_arm_cc26xx_Power_getTransitionState__E)
                  0000a824    0000000c                  : mangled__BIOS_lib.obj (.text:ti_sysbios_hal_Hwi_Params__init__S)
                  0000a830    00000008     (.tramp.xdc_runtime_Core_assignParams__I.1)
                  0000a838    0000000c     appBLE_pem3.oem3 (.text:xdc_runtime_Startup_reset__I)
                  0000a844    0000000a     I2C.obj (.text:I2C_close)
                  0000a84e    0000000a     I2C.obj (.text:I2C_transfer)
                  0000a858    0000000a     ICallCC2650.obj (.text:ICallPlatform_pwrSwitchXOSCHF)
                  0000a862    0000000a     ICall.obj (.text:ICall_clockFunc)
                  0000a86c    0000000a     oad_target_externalFlash.obj (.text:OADTarget_eraseFlash)
                  0000a876    0000000a     oad_target_externalFlash.obj (.text:OADTarget_readFlash)
                  0000a880    0000000a     oad_target_externalFlash.obj (.text:OADTarget_writeFlash)
                  0000a88a    0000000a     SPI.obj (.text:SPI_close)
                  0000a894    0000000a     SPI.obj (.text:SPI_transfer)
                  0000a89e    0000000a     UDMACC26XX.obj (.text:UDMACC26XX_hwiIntFxn)
                  0000a8a8    00000008     I2CCC26XX.obj (.text:I2CCC26XX_blockingCallback)
                  0000a8b0    00000008     SPICC26XXDMA.obj (.text:SPICC26XXDMA_transferCallback)
                  0000a8b8    00000008     SensorTag_ConnCtrl.obj (.text:ccChangeCB)
                  0000a8c0    00000008     SensorTag_IO.obj (.text:ioChangeCB)
                  0000a8c8    00000008     oad.obj (.text:oadReadAttrCB)
                  0000a8d0    00000008     SensorTag_Mov.obj (.text:sensorChangeCB)
                  0000a8d8    00000008     SensorTag_Bar.obj (.text:sensorConfigChangeCB)
                  0000a8e0    00000008     SensorTag_Hum.obj (.text:sensorConfigChangeCB)
                  0000a8e8    00000008     SensorTag_Opt.obj (.text:sensorConfigChangeCB)
                  0000a8f0    00000008     SensorTag_Tmp.obj (.text:sensorConfigChangeCB)
                  0000a8f8    00000006     ICallBleAPI.obj (.text:GATTServApp_AddService)
                  0000a8fe    00000006     ICallBleAPI.obj (.text:GGS_AddService)
                  0000a904    00000006     I2CCC26XX.obj (.text:I2CCC26XX_control)
                  0000a90a    00000006     ICall.obj (.text:ICall_mallocImpl)
                  0000a910    00000006     driverlib.lib : cpu.obj (.text:NOROM_CPUdelay)
                  0000a916    00000006     sysbios.aem3 : mangled__BIOS_lib.obj (.text:__xdc__init)
                  0000a91c    00000006     rtsv7M3_T_le_eabi.lib : copy_decompress_rle.obj (.text:decompress:rle24)
                  0000a922    00000006     ICallBleAPI.obj (.text:matchGGSSetParamCS)
                  0000a928    00000006     ICallBleAPI.obj (.text:matchGapDeviceInitCS)
                  0000a92e    00000006     ICallBleAPI.obj (.text:matchGapEndDiscoverableCS)
                  0000a934    00000006     ICallBleAPI.obj (.text:matchGapGetParamCS)
                  0000a93a    00000006     ICallBleAPI.obj (.text:matchGapMakeDiscoverableCS)
                  0000a940    00000006     ICallBleAPI.obj (.text:matchGapSetParamCS)
                  0000a946    00000006     ICallBleAPI.obj (.text:matchGapTerminateAuthCS)
                  0000a94c    00000006     ICallBleAPI.obj (.text:matchGapTerminateLinkReqCS)
                  0000a952    00000006     ICallBleAPI.obj (.text:matchGapUpdateAdvDataCS)
                  0000a958    00000006     ICallBleAPI.obj (.text:matchGapUpdateLinkParamReqCS)
                  0000a95e    00000006     ICallBleAPI.obj (.text:matchUtilNvReadCS)
                  0000a964    00000006     ICallBleAPI.obj (.text:matchUtilNvWriteCS)
                  0000a96a    00000006     sensor_tmp007.obj (.text:sensorTmp007Init)
                  0000a970    00000004     ICall.obj (.text:ICall_primAbort)
                  0000a974    00000004     oad_target_externalFlash.obj (.text:OADTarget_hasExternalFlash)
                  0000a978    00000004     util.obj (.text:Util_startClock)
                  0000a97c    00000004     util.obj (.text:Util_stopClock)
                  0000a980    00000004     appBLE_pem3.oem3 (.text:ti_sysbios_family_arm_cc26xx_Power_NOP)
                  0000a984    00000004     sysbios.aem3 : mangled__BIOS_lib.obj (.text:ti_sysbios_knl_Clock_isActive__E)
                  0000a988    00000004                  : mangled__BIOS_lib.obj (.text:ti_sysbios_knl_Clock_setPeriod__E)
                  0000a98c    00000008     (.tramp.ti_sysbios_BIOS_RtsGateProxy_enter__E.1)
                  0000a994    00000008     (.tramp.ti_sysbios_knl_Task_startup__E.1)
                  0000a99c    00000008     (.tramp.ti_sysbios_knl_Swi_startup__E.1)
                  0000a9a4    00000008     (.tramp.ti_sysbios_hal_Hwi_startup__E.1)
                  0000a9ac    00000008     (.tramp.ti_sysbios_family_arm_cc26xx_Timer_startup__E.1)
                  0000a9b4    00000008     (.tramp.xdc_runtime_System_atexit__E.1)
                  0000a9bc    00000008     (.tramp.ti_sysbios_knl_Queue_put__E.1)
                  0000a9c4    00000008     (.tramp.ti_sysbios_BIOS_setThreadType__E.1)
                  0000a9cc    00000008     (.tramp.ti_sysbios_BIOS_start__E.1)
                  0000a9d4    00000008     (.tramp.ti_sysbios_hal_Hwi_create.1)
                  0000a9dc    00000008     (.tramp.ti_sysbios_knl_Task_construct.1)
                  0000a9e4    00000008     (.tramp.xdc_runtime_System_exit__E.1)
                  0000a9ec    00000008     (.tramp.ti_sysbios_knl_Clock_construct.1)
                  0000a9f4    00000008     (.tramp.ti_sysbios_BIOS_getCpuFreq__E.1)
                  0000a9fc    00000008     (.tramp.ti_sysbios_knl_Semaphore_create.1)
                  0000aa04    00000008     (.tramp.ti_sysbios_knl_Task_exit__E.1)
                  0000aa0c    00000008     (.tramp.ti_sysbios_knl_Task_create.1)
                  0000aa14    00000008     (.tramp.ti_sysbios_knl_Task_Params__init__S.1)
                  0000aa1c    00000008     (.tramp.ti_sysbios_knl_Semaphore_destruct.1)
                  0000aa24    00000008     (.tramp.ti_sysbios_family_arm_m3_Hwi_destruct.1)
                  0000aa2c    00000008     (.tramp.ti_sysbios_knl_Clock_create.1)
                  0000aa34    00000008     (.tramp.ti_sysbios_knl_Clock_Params__init__S.1)
                  0000aa3c    00000008     (.tramp.ti_sysbios_knl_Queue_enqueue__E.1)
                  0000aa44    00000008     (.tramp.ti_sysbios_knl_Queue_remove__E.1)
                  0000aa4c    00000008     (.tramp.ti_sysbios_knl_Clock_scheduleNextTick__E.1)
                  0000aa54    00000008     (.tramp.ti_sysbios_knl_Clock_walkQueueDynamic__E.1)
                  0000aa5c    00000008     (.tramp.ti_sysbios_family_arm_m3_Hwi_enableInterrupt__E.1)
                  0000aa64    00000008     (.tramp.ti_sysbios_family_arm_m3_Hwi_disableInterrupt__E.1)
                  0000aa6c    00000008     (.tramp.ti_sysbios_knl_Clock_stop__E.1)
                  0000aa74    00000008     (.tramp.ti_sysbios_knl_Clock_start__E.1)
                  0000aa7c    00000008     (.tramp.ti_sysbios_knl_Clock_setTimeout__E.1)
                  0000aa84    00000008     (.tramp.ti_sysbios_knl_Clock_TimerProxy_getCurrentTick__E.1)
                  0000aa8c    00000008     (.tramp.ti_sysbios_knl_Semaphore_post__E.1)
                  0000aa94    00000008     (.tramp.ti_sysbios_knl_Clock_getTicks__E.1)
                  0000aa9c    00000008     (.tramp.ti_sysbios_knl_Task_self__E.1)
                  0000aaa4    00000008     (.tramp.ti_sysbios_knl_Semaphore_pend__E.1)
                  0000aaac    00000008     (.tramp.ti_sysbios_family_arm_m3_Hwi_restoreFxn__E.1)
                  0000aab4    00000008     (.tramp.ti_sysbios_family_arm_m3_Hwi_disableFxn__E.1)
                  0000aabc    00000008     (.tramp.ti_sysbios_family_arm_m3_Hwi_construct.1)
                  0000aac4    00000008     (.tramp.ti_sysbios_family_arm_m3_Hwi_Params__init__S.1)
                  0000aacc    00000008     (.tramp.ti_sysbios_knl_Semaphore_construct.1)
                  0000aad4    00000008     (.tramp.ti_sysbios_knl_Semaphore_Params__init__S.1)
                  0000aadc    00000008     (.tramp.ti_sysbios_knl_Task_restore__E.1)
                  0000aae4    00000008     (.tramp.ti_sysbios_knl_Swi_restore__E.1)
                  0000aaec    00000008     (.tramp.ti_sysbios_knl_Swi_disable__E.1)
                  0000aaf4    00000008     (.tramp.ti_sysbios_knl_Queue_next__E.1)
                  0000aafc    00000008     (.tramp.ti_sysbios_knl_Queue_head__E.1)
                  0000ab04    00000008     (.tramp.ti_sysbios_knl_Task_disable__E.1)
                  0000ab0c    00000008     (.tramp.ti_sysbios_knl_Queue_dequeue__E.1)
                  0000ab14    00000008     (.tramp.ti_sysbios_knl_Queue_empty__E.1)
                  0000ab1c    00000008     (.tramp.ti_sysbios_knl_Task_sleep__E.1)

.const     0    0000ab24    000006d4     
                  0000ab24    000000bc     ICall.obj (.const)
                  0000abe0    0000005c     SensorTag.obj (.const)
                  0000ac3c    00000054     SPICC26XXDMA.obj (.const)
                  0000ac90    0000004c     appBLE_pem3.oem3 (.const:ti_sysbios_family_arm_cc26xx_Power_db)
                  0000acdc    00000048     appBLE_pem3.oem3 (.const:.string)
                  0000ad24    00000040     barometerservice.obj (.const:.string)
                  0000ad64    00000040     ccservice.obj (.const:.string)
                  0000ada4    00000040     humidityservice.obj (.const:.string)
                  0000ade4    00000040     irtempservice.obj (.const:.string)
                  0000ae24    00000040     movementservice.obj (.const:.string)
                  0000ae64    00000040     opticservice.obj (.const:.string)
                  0000aea4    00000040     registerservice.obj (.const:.string)
                  0000aee4    00000034     oad.obj (.const)
                  0000af18    00000030     ioservice.obj (.const:.string)
                  0000af48    0000002c     gatt_uuid.obj (.const)
                  0000af74    00000028     Board.obj (.const:spiCC26XXDMAHWAttrs)
                  0000af9c    00000028     appBLE_pem3.oem3 (.const:xdc_runtime_Startup_sfxnTab__A)
                  0000afc4    00000027     oad.obj (.const:.string)
                  0000afeb    00000027     bleUserConfig.obj (.const:txPowerTable)
                  0000b012    00000002     bsp_i2c.obj (.const)
                  0000b014    00000024     Board.obj (.const:SPI_config)
                  0000b038    00000020     SPI.obj (.const)
                  0000b058    0000001c     I2CCC26XX.obj (.const)
                  0000b074    00000018     Board.obj (.const:I2C_config)
                  0000b08c    00000014     devinfoservice.obj (.const:.string)
                  0000b0a0    00000014     barometerservice.obj (.const)
                  0000b0b4    00000014     ccservice.obj (.const)
                  0000b0c8    00000014     devinfoservice.obj (.const)
                  0000b0dc    00000014     humidityservice.obj (.const)
                  0000b0f0    00000014     ioservice.obj (.const)
                  0000b104    00000014     irtempservice.obj (.const)
                  0000b118    00000014     movementservice.obj (.const)
                  0000b12c    00000014     opticservice.obj (.const)
                  0000b140    00000014     registerservice.obj (.const)
                  0000b154    00000014     simplekeys.obj (.const)
                  0000b168    00000014     appBLE_pem3.oem3 (.const:xdc_runtime_Startup_sfxnRts__A)
                  0000b17c    00000010     I2C.obj (.const)
                  0000b18c    00000010     Board.obj (.const:UDMACC26XX_config)
                  0000b19c    00000010     Board.obj (.const:i2cCC26xxHWAttrs)
                  0000b1ac    0000000c     appBLE_pem3.oem3 (.const:xdc_runtime_Startup_firstFxns__A)
                  0000b1b8    00000008     ext_flash.obj (.const)
                  0000b1c0    00000008     Board.obj (.const:udmaHWAttrs)
                  0000b1c8    00000006     bleUserConfig.obj (.const)
                  0000b1ce    00000004     simplekeys.obj (.const:.string)
                  0000b1d2    00000001     ICallCC2650.obj (.const)
                  0000b1d3    00000001     appBLE_pem3.oem3 (.const:xdc_runtime_Text_charTab__A)
                  0000b1d4    00000004     appBLE_pem3.oem3 (.const:ti_sysbios_family_arm_cc26xx_Power_Module_State_clockObj__O)
                  0000b1d8    00000004     appBLE_pem3.oem3 (.const:ti_sysbios_family_arm_cc26xx_Power_Module_State_lfClockObj__O)
                  0000b1dc    00000004     appBLE_pem3.oem3 (.const:ti_sysbios_family_arm_cc26xx_Power_Module_State_notifyQ__O)
                  0000b1e0    00000004     appBLE_pem3.oem3 (.const:ti_sysbios_family_arm_cc26xx_Power_notifyTrapFunc__C)
                  0000b1e4    00000004     appBLE_pem3.oem3 (.const:ti_sysbios_family_arm_cc26xx_Power_totalTicksSTANDBY__C)
                  0000b1e8    00000004     appBLE_pem3.oem3 (.const:ti_sysbios_family_arm_cc26xx_Power_wakeDelaySTANDBY__C)
                  0000b1ec    00000004     appBLE_pem3.oem3 (.const:ti_sysbios_family_arm_m3_Hwi_disablePriority__C)
                  0000b1f0    00000004     appBLE_pem3.oem3 (.const:ti_sysbios_knl_Clock_tickPeriod__C)
                  0000b1f4    00000004     appBLE_pem3.oem3 (.const:ti_sysbios_knl_Idle_funcList__A)

.cinit     0    0000b1f8    00000c50     
                  0000b1f8    00000a75     (.cinit..data.load) [load image, compression = rle]
                  0000bc6d    00000003     --HOLE-- [fill = 0]
                  0000bc70    0000002d     (.cinit..data:ti_sysbios_family_arm_m3_Hwi_Module__state__V.load) [load image, compression = rle]
                  0000bc9d    00000003     --HOLE-- [fill = 0]
                  0000bca0    0000002c     (.cinit..data:ti_sysbios_knl_Task_Module__state__V.load) [load image, compression = rle]
                  0000bccc    00000004     --HOLE-- [fill = 0]
                  0000bcd0    00000021     (.cinit..data:ti_sysbios_knl_Clock_Module__state__V.load) [load image, compression = rle]
                  0000bcf1    00000007     --HOLE-- [fill = 0]
                  0000bcf8    0000001f     (.cinit..data:ti_sysbios_BIOS_Module__state__V.load) [load image, compression = rle]
                  0000bd17    00000001     --HOLE-- [fill = 0]
                  0000bd18    00000011     (.cinit..data:ti_sysbios_knl_Swi_Module__state__V.load) [load image, compression = rle]
                  0000bd29    00000007     --HOLE-- [fill = 0]
                  0000bd30    0000000d     (.cinit..data:ti_sysbios_family_arm_cc26xx_Timer_Module__state__V.load) [load image, compression = rle]
                  0000bd3d    00000003     --HOLE-- [fill = 0]
                  0000bd40    0000000c     (__TI_handler_table)
                  0000bd4c    00000004     --HOLE-- [fill = 0]
                  0000bd50    0000000a     (.cinit..data:xdc_runtime_Memory_Module__state__V.load) [load image, compression = rle]
                  0000bd5a    00000006     --HOLE-- [fill = 0]
                  0000bd60    00000009     (.cinit..data:ti_sysbios_family_arm_cc26xx_TimestampProvider_Module__state__V.load) [load image, compression = rle]
                  0000bd69    00000007     --HOLE-- [fill = 0]
                  0000bd70    00000009     (.cinit..data:xdc_runtime_Startup_Module__state__V.load) [load image, compression = rle]
                  0000bd79    00000007     --HOLE-- [fill = 0]
                  0000bd80    00000009     (.cinit..data:xdc_runtime_System_Module__state__V.load) [load image, compression = rle]
                  0000bd89    00000007     --HOLE-- [fill = 0]
                  0000bd90    00000008     (.cinit..TI.bound:dmaRxControlTableEntry0.load) [load image, compression = zero_init]
                  0000bd98    00000008     (.cinit..TI.bound:dmaRxControlTableEntry1.load) [load image, compression = zero_init]
                  0000bda0    00000008     (.cinit..TI.bound:dmaTxControlTableEntry0.load) [load image, compression = zero_init]
                  0000bda8    00000008     (.cinit..TI.bound:dmaTxControlTableEntry1.load) [load image, compression = zero_init]
                  0000bdb0    00000008     (.cinit..bss.load) [load image, compression = zero_init]
                  0000bdb8    00000008     (.cinit..vecs.load) [load image, compression = zero_init]
                  0000bdc0    00000088     (__TI_cinit_table)

.init_array 
*          0    00000000    00000000     UNINITIALIZED

.resetVecs 
*          0    00000000    0000003c     
                  00000000    0000003c     appBLE_pem3.oem3 (.resetVecs)

.ccfg      0    0000003c    00000058     
                  0000003c    00000058     ccfg_appBLE.obj (.ccfg:retain)

.const:ti_sysbios_knl_Task_Object__PARAMS__C 
*          0    00000100    0000003c     
                  00000100    0000003c     appBLE_pem3.oem3 (.const:ti_sysbios_knl_Task_Object__PARAMS__C)

.const:ti_sysbios_knl_Mailbox_Object__PARAMS__C 
*          0    0000013c    00000034     
                  0000013c    00000034     appBLE_pem3.oem3 (.const:ti_sysbios_knl_Mailbox_Object__PARAMS__C)

.const:ti_sysbios_family_arm_m3_Hwi_Object__PARAMS__C 
*          0    00000170    00000030     
                  00000170    00000030     appBLE_pem3.oem3 (.const:ti_sysbios_family_arm_m3_Hwi_Object__PARAMS__C)

.const:ti_sysbios_hal_Hwi_Object__PARAMS__C 
*          0    000001a0    0000002c     
                  000001a0    0000002c     appBLE_pem3.oem3 (.const:ti_sysbios_hal_Hwi_Object__PARAMS__C)

.const:ti_sysbios_heaps_HeapMem_Module__FXNS__C 
*          0    000001cc    00000028     
                  000001cc    00000028     appBLE_pem3.oem3 (.const:ti_sysbios_heaps_HeapMem_Module__FXNS__C)

.const:ti_sysbios_knl_Swi_Object__PARAMS__C 
*          0    000001f4    00000028     
                  000001f4    00000028     appBLE_pem3.oem3 (.const:ti_sysbios_knl_Swi_Object__PARAMS__C)

.const:ti_sysbios_gates_GateHwi_Module__FXNS__C 
*          0    0000021c    00000024     
                  0000021c    00000024     appBLE_pem3.oem3 (.const:ti_sysbios_gates_GateHwi_Module__FXNS__C)

.const:ti_sysbios_gates_GateMutex_Module__FXNS__C 
*          0    00000240    00000024     
                  00000240    00000024     appBLE_pem3.oem3 (.const:ti_sysbios_gates_GateMutex_Module__FXNS__C)

.const:ti_sysbios_heaps_HeapMem_Object__PARAMS__C 
*          0    00000264    00000024     
                  00000264    00000024     appBLE_pem3.oem3 (.const:ti_sysbios_heaps_HeapMem_Object__PARAMS__C)

.const:ti_sysbios_knl_Clock_Object__PARAMS__C 
*          0    00000288    00000024     
                  00000288    00000024     appBLE_pem3.oem3 (.const:ti_sysbios_knl_Clock_Object__PARAMS__C)

.const:ti_sysbios_knl_Semaphore_Object__PARAMS__C 
*          0    000002ac    00000024     
                  000002ac    00000024     appBLE_pem3.oem3 (.const:ti_sysbios_knl_Semaphore_Object__PARAMS__C)

.const:ti_sysbios_family_arm_m3_Hwi_Object__DESC__C 
*          0    000002d0    00000020     
                  000002d0    00000020     appBLE_pem3.oem3 (.const:ti_sysbios_family_arm_m3_Hwi_Object__DESC__C)

.const:ti_sysbios_gates_GateHwi_Object__DESC__C 
*          0    000002f0    00000020     
                  000002f0    00000020     appBLE_pem3.oem3 (.const:ti_sysbios_gates_GateHwi_Object__DESC__C)

.const:ti_sysbios_gates_GateMutex_Object__DESC__C 
*          0    00000310    00000020     
                  00000310    00000020     appBLE_pem3.oem3 (.const:ti_sysbios_gates_GateMutex_Object__DESC__C)

.const:ti_sysbios_hal_Hwi_Object__DESC__C 
*          0    00000330    00000020     
[...]
1001c21f  ti_sysbios_gates_GateHwi_leave__E                                         
1001c225  ti_sysbios_knl_Clock_stop__E                                              
1001c22b  ti_sysbios_knl_Queue_Instance_init__E                                     
1001c231  ti_sysbios_knl_Queue_elemClear__E                                         
1001c237  ti_sysbios_knl_Swi_Module_startup__E                                      
1001c23d  ti_sysbios_knl_Swi_startup__E                                             
1001c243  ti_sysbios_knl_Task_enable__E                                             
1001c249  ti_sysbios_BIOS_RtsGateProxy_enter__E                                     
1001c24d  ti_sysbios_BIOS_RtsGateProxy_leave__E                                     
1001c251  ti_sysbios_family_arm_cc26xx_Timer_getExpiredTicks__E                     
1001c255  ti_sysbios_family_arm_cc26xx_Timer_getPeriod__E                           
1001c259  ti_sysbios_family_arm_cc26xx_Timer_setPeriod__E                           
1001c25d  ti_sysbios_family_arm_m3_Hwi_delete                                       
1001c261  ti_sysbios_family_arm_m3_Hwi_destruct                                     
1001c265  ti_sysbios_family_arm_m3_TaskSupport_Module__startupDone__S               
1001c269  ti_sysbios_gates_GateHwi_query__E                                         
1001c269  xdc_runtime_System_Module_GateProxy_query__E                              
1001c26d  ti_sysbios_gates_GateMutex_delete                                         
1001c271  ti_sysbios_gates_GateMutex_destruct                                       
1001c275  ti_sysbios_BIOS_RtsGateProxy_query__E                                     
1001c275  ti_sysbios_gates_GateMutex_query__E                                       
1001c275  ti_sysbios_heaps_HeapMem_Module_GateProxy_query__E                        
1001c279  ti_sysbios_hal_Hwi_HwiProxy_Module__startupDone__S                        
1001c27d  ti_sysbios_hal_Hwi_HwiProxy_delete                                        
1001c281  ti_sysbios_hal_Hwi_HwiProxy_disableInterrupt__E                           
1001c281  ti_sysbios_hal_Hwi_disableInterrupt__E                                    
1001c285  ti_sysbios_hal_Hwi_HwiProxy_enableInterrupt__E                            
1001c285  ti_sysbios_hal_Hwi_enableInterrupt__E                                     
1001c289  ti_sysbios_hal_Hwi_HwiProxy_getStackInfo__E                               
1001c289  ti_sysbios_hal_Hwi_getStackInfo__E                                        
1001c28d  ti_sysbios_hal_Hwi_HwiProxy_startup__E                                    
1001c28d  ti_sysbios_hal_Hwi_startup__E                                             
1001c291  ti_sysbios_hal_Hwi_HwiProxy_switchFromBootStack__E                        
1001c295  ti_sysbios_hal_Hwi_delete                                                 
1001c299  ti_sysbios_hal_Hwi_switchFromBootStack__E                                 
1001c29d  ti_sysbios_heaps_HeapMem_Module_GateProxy_enter__E                        
1001c2a1  ti_sysbios_heaps_HeapMem_Module_GateProxy_leave__E                        
1001c2a5  ti_sysbios_heaps_HeapMem_isBlocking__E                                    
1001c2a9  ti_sysbios_knl_Clock_TimerProxy_Module__startupDone__S                    
1001c2ad  ti_sysbios_knl_Clock_TimerProxy_getExpiredTicks__E                        
1001c2b1  ti_sysbios_knl_Clock_TimerProxy_getPeriod__E                              
1001c2b5  ti_sysbios_knl_Clock_delete                                               
1001c2b9  ti_sysbios_knl_Clock_destruct                                             
1001c2bd  ti_sysbios_knl_Clock_removeI__E                                           
1001c2c1  ti_sysbios_knl_Clock_setTimeout__E                                        
1001c2c5  ti_sysbios_knl_Mailbox_delete                                             
1001c2c9  ti_sysbios_knl_Mailbox_destruct                                           
1001c2cd  ti_sysbios_knl_Queue_delete                                               
1001c2d1  ti_sysbios_knl_Queue_destruct                                             
1001c2d5  ti_sysbios_knl_Queue_head__E                                              
1001c2d9  ti_sysbios_knl_Queue_next__E                                              
1001c2dd  ti_sysbios_knl_Semaphore_delete                                           
1001c2e1  ti_sysbios_knl_Semaphore_destruct                                         
1001c2e5  ti_sysbios_knl_Swi_delete                                                 
1001c2e9  ti_sysbios_knl_Swi_destruct                                               
1001c2ed  ti_sysbios_knl_Swi_postInit__I                                            
1001c2f1  ti_sysbios_knl_Task_SupportProxy_Module__startupDone__S                   
1001c2f5  ti_sysbios_knl_Task_SupportProxy_getStackAlignment__E                     
1001c2f9  ti_sysbios_knl_Task_SupportProxy_start__E                                 
1001c2fd  ti_sysbios_knl_Task_SupportProxy_swap__E                                  
1001c301  ti_sysbios_knl_Task_delete                                                
1001c305  ti_sysbios_knl_Task_destruct                                              
1001c309  ti_sysbios_knl_Task_startup__E                                            
1001c30d  xdc_runtime_Startup_startMods__I                                          
1001c405  xdc_runtime_Core_createObject__I                                          
1001c487  xdc_runtime_Error_policySpin__E                                           
1001c489  xdc_runtime_Memory_alloc__E                                               
1001c4f9  xdc_runtime_Core_deleteObject__I                                          
1001c559  xdc_runtime_Startup_exec__E                                               
1001c5a9  xdc_runtime_Assert_raise__I                                               
1001c5f1  xdc_runtime_Core_assignParams__I                                          
1001c639  xdc_runtime_Core_constructObject__I                                       
1001c681  xdc_runtime_System_atexit__E                                              
1001c6b9  xdc_runtime_System_processAtExit__E                                       
1001c6ed  xdc_runtime_Core_assignLabel__I                                           
1001c71d  xdc_runtime_Text_cordText__E                                              
1001c749  xdc_runtime_System_abort__E                                               
1001c769  xdc_runtime_Error_raiseX__E                                               
1001c785  xdc_runtime_Memory_valloc__E                                              
1001c7a1  xdc_runtime_Core_destructObject__I                                        
1001c7b9  xdc_runtime_Error_check__E                                                
1001c7d1  xdc_runtime_System_exit__E                                                
1001c7e9  xdc_runtime_Text_ropeText__E                                              
1001c801  xdc_runtime_Memory_free__E                                                
1001c811  xdc_runtime_SysCallback_abort__E                                          
1001c821  xdc_runtime_SysCallback_exit__E                                           
1001c831  xdc_runtime_Timestamp_SupportProxy_get32__E                               
1001c831  xdc_runtime_Timestamp_get32__E                                            
1001c841  xdc_runtime_Error_init__E                                                 
1001c84d  xdc_runtime_Memory_calloc__E                                              
1001c859  xdc_runtime_Memory_getMaxDefaultTypeAlign__E                              
1001c879  xdc_runtime_Gate_leaveSystem__E                                           
1001c87f  xdc_runtime_System_Module_startup__E                                      
1001c885  xdc_runtime_Gate_enterSystem__E                                           
1001c889  xdc_runtime_Memory_HeapProxy_alloc__E                                     
1001c88d  xdc_runtime_Memory_HeapProxy_free__E                                      
1001c891  xdc_runtime_System_Module_GateProxy_enter__E                              
1001c895  xdc_runtime_System_Module_GateProxy_leave__E                              
1001c899  xdc_runtime_System_abortSpin__E                                           
1001c89b  xdc_runtime_System_exitSpin__E                                            
1001c89d  ti_sysbios_family_arm_m3_Hwi_dispatch__I                                  
1001c96d  ti_sysbios_family_arm_m3_TaskSupport_buildTaskStack                       
1001c9b9  ti_sysbios_family_arm_m3_Hwi_initStacks__E                                
1001ca01  ti_sysbios_family_arm_m3_Hwi_excHandlerAsm__I                             
1001ca21  ti_sysbios_family_xxx_Hwi_switchAndRunFunc                                
1001ca3f  ti_sysbios_family_arm_m3_Hwi_pendSV__I                                    
1001ca57  ti_sysbios_family_arm_m3_Hwi_return                                       
1001ca59  ti_sysbios_family_arm_m3_TaskSupport_glue                                 
1001ca69  ti_sysbios_family_arm_m3_TaskSupport_swap__E                              
1001ca71  ti_sysbios_knl_Task_swapReturn                                            
1001ca9b  ti_sysbios_rom_cortexm_cc26xx_CC26xx_getRevision__E                       
20000000  ti_sysbios_family_arm_m3_Hwi_ramVectors                                   
20000100  ti_sysbios_knl_Task_Module__state__V                                      
20000144  ti_sysbios_family_arm_m3_Hwi_Module__state__V                             
20000178  ti_sysbios_knl_Clock_Module__state__V                                     
200001a4  ti_sysbios_BIOS_Module__state__V                                          
200001c8  ti_sysbios_knl_Swi_Module__state__V                                       
200001e4  ti_sysbios_family_arm_cc26xx_Timer_Module__state__V                       
200001ec  ti_sysbios_family_arm_cc26xx_TimestampProvider_Module__state__V           
200001f0  xdc_runtime_Startup_Module__state__V                                      
200001f8  xdc_runtime_System_Module__state__V                                       
20000200  xdc_runtime_Memory_Module__state__V                                       
20000520  gapProfileState                                                           
20000528  sem                                                                       
2000052c  hGpioPin                                                                  
20000548  pinGpioState                                                              
200009e4  linkDBNumConns                                                            
20000af8  gapRoleTask                                                               
20000b48  gapRoleTaskStack                                                          
2000177c  ICall_enterCriticalSection                                                
20001780  ICall_leaveCriticalSection                                                
20001794  ICall_dispatcher                                                          
2000187c  ti_sysbios_family_arm_cc26xx_Power_refCount                               
2000188f  ti_sysbios_family_arm_cc26xx_Power_constraintCounts                       
20001894  ti_sysbios_family_arm_cc26xx_Power_resourceHandlers                       
200018a0  ti_sysbios_family_arm_cc26xx_Timer_Module__root__V                        
200018a8  ti_sysbios_family_arm_m3_Hwi_Module__root__V                              
200018b0  ti_sysbios_family_arm_m3_Hwi_Module_State_0_excActive__A                  
200018b4  ti_sysbios_family_arm_m3_Hwi_Module_State_0_excContext__A                 
200018b8  ti_sysbios_family_arm_m3_Hwi_Module_State_0_excStack__A                   
200018bc  ti_sysbios_gates_GateHwi_Module__root__V                                  
200018c4  ti_sysbios_gates_GateHwi_Object__table__V                                 
200018c8  ti_sysbios_gates_GateMutex_Module__root__V                                
200018d0  ti_sysbios_hal_Hwi_Module__root__V                                        
200018d8  ti_sysbios_heaps_HeapMem_Module__root__V                                  
200018e0  ti_sysbios_heaps_HeapMem_Object__table__V                                 
200018f8  ti_sysbios_knl_Clock_Module__root__V                                      
20001900  ti_sysbios_knl_Event_Module__root__V                                      
20001908  ti_sysbios_knl_Mailbox_Module__root__V                                    
20001910  ti_sysbios_knl_Queue_Module__root__V                                      
20001918  ti_sysbios_knl_Semaphore_Module__root__V                                  
20001920  ti_sysbios_knl_Swi_Module__root__V                                        
20001928  ti_sysbios_knl_Task_Module__root__V                                       
20001930  ti_sysbios_knl_Task_Module_State_0_idleTask__A                            
20001934  __xdc__init__addr                                                         
20001e20  ti_sysbios_family_arm_cc26xx_Power_Module__state__V                       
20001f5c  BoardGpioInitTable                                                        
20002004  TSK_idle                                                                  
20002004  ti_sysbios_knl_Task_Object__table__V                                      
20002098  ti_sysbios_family_arm_cc26xx_Timer_Object__table__V                       
200020e0  ti_sysbios_gates_GateMutex_Object__table__V                               
20002118  rfRegTbl                                                                  
200021b0  ti_sysbios_family_arm_m3_Hwi_Object__table__V                             
200021e0  ti_sysbios_knl_Swi_Module_State_0_readyQ__A                               
20002210  ti_sysbios_knl_Swi_Object__table__V                                       
20002240  ti_sysbios_knl_Task_Module_State_0_readyQ__A                              
2000229c  user0Cfg                                                                  
20002314  lastAppOpcodeSent                                                         
20002318  pfnBMAlloc                                                                
2000231c  pfnBMFree                                                                 
20002328  _lock                                                                     
2000232c  _unlock                                                                   
20002330  __TI_cleanup_ptr                                                          
20002334  __TI_dtors_ptr                                                            
20002340  main_func_sp                                                              
20002e80  ti_sysbios_heaps_HeapMem_Instance_State_0_buf__A                          
20003500  ti_sysbios_knl_Task_Instance_State_0_stack__A                             
20003700  spiCC26XXDMAObjects                                                       
20003850  PIN_NumPins                                                               
200038b0  PIN_HandleTable                                                           
2000392c  ti_sysbios_family_arm_m3_Hwi_dispatchTable                                
200039f4  i2cCC26xxObjects                                                          
20003ae4  UdmaObjects                                                               
20003b58  driverlib_release_0_43243                                                 
2000405c  __stack                                                                   
2000445c  __STACK_END                                                               
2000445c  __STACK_TOP                                                               
e000e000  ti_sysbios_family_arm_m3_Hwi_nvic                                         
ffffffff  __binit__                                                                 
ffffffff  __c_args__                                                                
ffffffff  binit                                                                     
UNDEFED   SHT$$INIT_ARRAY$$Base                                                     
UNDEFED   SHT$$INIT_ARRAY$$Limit                                                    
UNDEFED   ti_sysbios_BIOS_RtsGateProxy_Handle__label__S__mangled__                  
UNDEFED   ti_sysbios_BIOS_RtsGateProxy_Object__delete__S__mangled__                 
UNDEFED   ti_sysbios_BIOS_RtsGateProxy_Params__init__S__mangled__                   
UNDEFED   ti_sysbios_BIOS_RtsGateProxy_query__E__mangled__                          
UNDEFED   ti_sysbios_hal_Hwi_HwiProxy_Module__startupDone__S__mangled__             
UNDEFED   ti_sysbios_hal_Hwi_HwiProxy_Object__delete__S__mangled__                  
UNDEFED   ti_sysbios_hal_Hwi_HwiProxy_Params__init__S__mangled__                    
UNDEFED   ti_sysbios_hal_Hwi_HwiProxy_disableInterrupt__E__mangled__                
UNDEFED   ti_sysbios_hal_Hwi_HwiProxy_enableInterrupt__E__mangled__                 
UNDEFED   ti_sysbios_hal_Hwi_HwiProxy_getStackInfo__E__mangled__                    
UNDEFED   ti_sysbios_hal_Hwi_HwiProxy_startup__E__mangled__                         
UNDEFED   ti_sysbios_hal_Hwi_HwiProxy_switchFromBootStack__E__mangled__             
UNDEFED   ti_sysbios_hal_Hwi_disableInterrupt__E__mangled__                         
UNDEFED   ti_sysbios_hal_Hwi_enableInterrupt__E__mangled__                          
UNDEFED   ti_sysbios_hal_Hwi_getStackInfo__E__mangled__                             
UNDEFED   ti_sysbios_hal_Hwi_startup__E__mangled__                                  
UNDEFED   ti_sysbios_hal_Hwi_switchFromBootStack__E__mangled__                      
UNDEFED   ti_sysbios_heaps_HeapMem_Module_GateProxy_Handle__label__S__mangled__     
UNDEFED   ti_sysbios_heaps_HeapMem_Module_GateProxy_Object__delete__S__mangled__    
UNDEFED   ti_sysbios_heaps_HeapMem_Module_GateProxy_Params__init__S__mangled__      
UNDEFED   ti_sysbios_heaps_HeapMem_Module_GateProxy_query__E__mangled__             
UNDEFED   ti_sysbios_knl_Clock_TimerProxy_Module__startupDone__S__mangled__         
UNDEFED   ti_sysbios_knl_Clock_TimerProxy_startup__E__mangled__                     
UNDEFED   ti_sysbios_knl_Task_SupportProxy_Module__startupDone__S__mangled__        
UNDEFED   ti_sysbios_knl_Task_SupportProxy_getStackAlignment__E__mangled__          
UNDEFED   ti_sysbios_knl_Task_SupportProxy_start__E__mangled__                      
UNDEFED   ti_sysbios_knl_Task_SupportProxy_swap__E__mangled__                       
UNDEFED   xdc_runtime_Main_Module_GateProxy_Handle__label__S                        
UNDEFED   xdc_runtime_Main_Module_GateProxy_Object__delete__S                       
UNDEFED   xdc_runtime_Main_Module_GateProxy_query__E                                
UNDEFED   xdc_runtime_Memory_HeapProxy_Handle__label__S__mangled__                  
UNDEFED   xdc_runtime_Memory_HeapProxy_Object__delete__S__mangled__                 
UNDEFED   xdc_runtime_System_Module_GateProxy_Handle__label__S__mangled__           
UNDEFED   xdc_runtime_System_Module_GateProxy_Object__delete__S__mangled__          
UNDEFED   xdc_runtime_System_Module_GateProxy_query__E__mangled__                   
UNDEFED   xdc_runtime_System_SupportProxy_abort__E                                  
UNDEFED   xdc_runtime_System_SupportProxy_exit__E                                   
UNDEFED   xdc_runtime_Timestamp_SupportProxy_get64__E__mangled__                    
UNDEFED   xdc_runtime_Timestamp_SupportProxy_getFreq__E__mangled__                  
UNDEFED   xdc_runtime_Timestamp_get32__E__mangled__                                 
UNDEFED   xdc_runtime_Timestamp_get64__E__mangled__                                 
UNDEFED   xdc_runtime_Timestamp_getFreq__E__mangled__                               

[993 symbols]
